Archive member included to satisfy reference by file (symbol)

C:/ti/simplelink_msp432p4_sdk_3_40_01_02/source\ti/devices/msp432p4xx/driverlib/gcc/msp432p4xx_driverlib.a(adc14.o)
                              ./ir.o (ADC14_enableModule)
C:/ti/simplelink_msp432p4_sdk_3_40_01_02/source\ti/devices/msp432p4xx/driverlib/gcc/msp432p4xx_driverlib.a(cs.o)
                              ./mpu6500.o (CS_getSMCLK)
C:/ti/simplelink_msp432p4_sdk_3_40_01_02/source\ti/devices/msp432p4xx/driverlib/gcc/msp432p4xx_driverlib.a(gpio.o)
                              ./calibration.o (GPIO_setAsOutputPin)
C:/ti/simplelink_msp432p4_sdk_3_40_01_02/source\ti/devices/msp432p4xx/driverlib/gcc/msp432p4xx_driverlib.a(i2c.o)
                              ./mpu6500.o (I2C_initMaster)
C:/ti/simplelink_msp432p4_sdk_3_40_01_02/source\ti/devices/msp432p4xx/driverlib/gcc/msp432p4xx_driverlib.a(interrupt.o)
                              C:/ti/simplelink_msp432p4_sdk_3_40_01_02/source\ti/devices/msp432p4xx/driverlib/gcc/msp432p4xx_driverlib.a(adc14.o) (Interrupt_registerInterrupt)
C:/ti/simplelink_msp432p4_sdk_3_40_01_02/source\ti/devices/msp432p4xx/driverlib/gcc/msp432p4xx_driverlib.a(sysctl_a.o)
                              C:/ti/simplelink_msp432p4_sdk_3_40_01_02/source\ti/devices/msp432p4xx/driverlib/gcc/msp432p4xx_driverlib.a(cs.o) (SysCtl_A_getTLVInfo)
C:/ti/simplelink_msp432p4_sdk_3_40_01_02/source\ti/devices/msp432p4xx/driverlib/gcc/msp432p4xx_driverlib.a(systick.o)
                              ./main.o (SysTick_enableModule)
C:/ti/simplelink_msp432p4_sdk_3_40_01_02/source\ti/devices/msp432p4xx/driverlib/gcc/msp432p4xx_driverlib.a(timer32.o)
                              ./sensors.o (Timer32_initModule)
C:/ti/simplelink_msp432p4_sdk_3_40_01_02/source\ti/devices/msp432p4xx/driverlib/gcc/msp432p4xx_driverlib.a(timer_a.o)
                              ./motor.o (Timer_A_startCounter)
C:/ti/simplelink_msp432p4_sdk_3_40_01_02/source\ti/devices/msp432p4xx/driverlib/gcc/msp432p4xx_driverlib.a(uart.o)
                              ./main.o (UART_initModule)
C:/ti/simplelink_msp432p4_sdk_3_40_01_02/source\ti/devices/msp432p4xx/driverlib/gcc/msp432p4xx_driverlib.a(wdt_a.o)
                              ./main.o (WDT_A_holdTimer)
C:/ti/simplelink_msp432p4_sdk_3_40_01_02/source\ti/devices/msp432p4xx/driverlib/gcc/msp432p4xx_driverlib.a(cpu.o)
                              C:/ti/simplelink_msp432p4_sdk_3_40_01_02/source\ti/devices/msp432p4xx/driverlib/gcc/msp432p4xx_driverlib.a(interrupt.o) (CPU_cpsid)
c:/ti/gcc_arm_none_eabi_9_2_1/bin/../lib/gcc/arm-none-eabi/9.2.1/../../../../arm-none-eabi/lib/thumb/v7e-m+fp/hard\libc_nano.a(lib_a-exit.o)
                              c:/ti/gcc_arm_none_eabi_9_2_1/bin/../lib/gcc/arm-none-eabi/9.2.1/../../../../arm-none-eabi/lib/thumb/v7e-m+fp/hard/crt0.o (exit)
c:/ti/gcc_arm_none_eabi_9_2_1/bin/../lib/gcc/arm-none-eabi/9.2.1/../../../../arm-none-eabi/lib/thumb/v7e-m+fp/hard\libc_nano.a(lib_a-impure.o)
                              c:/ti/gcc_arm_none_eabi_9_2_1/bin/../lib/gcc/arm-none-eabi/9.2.1/../../../../arm-none-eabi/lib/thumb/v7e-m+fp/hard\libc_nano.a(lib_a-exit.o) (_global_impure_ptr)
c:/ti/gcc_arm_none_eabi_9_2_1/bin/../lib/gcc/arm-none-eabi/9.2.1/../../../../arm-none-eabi/lib/thumb/v7e-m+fp/hard\libc_nano.a(lib_a-init.o)
                              c:/ti/gcc_arm_none_eabi_9_2_1/bin/../lib/gcc/arm-none-eabi/9.2.1/../../../../arm-none-eabi/lib/thumb/v7e-m+fp/hard/crt0.o (__libc_init_array)
c:/ti/gcc_arm_none_eabi_9_2_1/bin/../lib/gcc/arm-none-eabi/9.2.1/../../../../arm-none-eabi/lib/thumb/v7e-m+fp/hard\libc_nano.a(lib_a-memset.o)
                              c:/ti/gcc_arm_none_eabi_9_2_1/bin/../lib/gcc/arm-none-eabi/9.2.1/../../../../arm-none-eabi/lib/thumb/v7e-m+fp/hard/crt0.o (memset)
c:/ti/gcc_arm_none_eabi_9_2_1/bin/../lib/gcc/arm-none-eabi/9.2.1/../../../../arm-none-eabi/lib/thumb/v7e-m+fp/hard\libc_nano.a(lib_a-snprintf.o)
                              ./main.o (snprintf)
c:/ti/gcc_arm_none_eabi_9_2_1/bin/../lib/gcc/arm-none-eabi/9.2.1/../../../../arm-none-eabi/lib/thumb/v7e-m+fp/hard\libc_nano.a(lib_a-nano-svfprintf.o)
                              c:/ti/gcc_arm_none_eabi_9_2_1/bin/../lib/gcc/arm-none-eabi/9.2.1/../../../../arm-none-eabi/lib/thumb/v7e-m+fp/hard\libc_nano.a(lib_a-snprintf.o) (_svfprintf_r)
c:/ti/gcc_arm_none_eabi_9_2_1/bin/../lib/gcc/arm-none-eabi/9.2.1/../../../../arm-none-eabi/lib/thumb/v7e-m+fp/hard\libc_nano.a(lib_a-nano-vfprintf_i.o)
                              c:/ti/gcc_arm_none_eabi_9_2_1/bin/../lib/gcc/arm-none-eabi/9.2.1/../../../../arm-none-eabi/lib/thumb/v7e-m+fp/hard\libc_nano.a(lib_a-nano-svfprintf.o) (_printf_i)
c:/ti/gcc_arm_none_eabi_9_2_1/bin/../lib/gcc/arm-none-eabi/9.2.1/../../../../arm-none-eabi/lib/thumb/v7e-m+fp/hard\libc_nano.a(lib_a-memchr.o)
                              c:/ti/gcc_arm_none_eabi_9_2_1/bin/../lib/gcc/arm-none-eabi/9.2.1/../../../../arm-none-eabi/lib/thumb/v7e-m+fp/hard\libc_nano.a(lib_a-nano-svfprintf.o) (memchr)
[...]
Memory Configuration

Name             Origin             Length             Attributes
MAIN_FLASH       0x00000000         0x00040000         xr
INFO_FLASH       0x00200000         0x00004000         xr
SRAM_CODE        0x01000000         0x00010000         xrw
SRAM_DATA        0x20000000         0x00010000         rw
*default*        0x00000000         0xffffffff

Linker script and memory map

LOAD c:/ti/gcc_arm_none_eabi_9_2_1/bin/../lib/gcc/arm-none-eabi/9.2.1/thumb/v7e-m+fp/hard/crti.o
LOAD c:/ti/gcc_arm_none_eabi_9_2_1/bin/../lib/gcc/arm-none-eabi/9.2.1/thumb/v7e-m+fp/hard/crtbegin.o
LOAD c:/ti/gcc_arm_none_eabi_9_2_1/bin/../lib/gcc/arm-none-eabi/9.2.1/../../../../arm-none-eabi/lib/thumb/v7e-m+fp/hard/crt0.o
LOAD ./avoid.o
LOAD ./bump.o
LOAD ./calibration.o
LOAD ./collision.o
LOAD ./control.o
LOAD ./demo.o
LOAD ./emergency.o
LOAD ./ir.o
LOAD ./line.o
LOAD ./line_follow.o
LOAD ./line_follow_mode.o
LOAD ./main.o
LOAD ./mission.o
LOAD ./mode_manager.o
LOAD ./motor.o
LOAD ./mpu6500.o
LOAD ./obstacle_mode.o
LOAD ./reaction.o
LOAD ./sensors.o
LOAD ./system_msp432p401r.o
LOAD ./system_test.o
LOAD ./ultrasonic.o
LOAD ./verify.o
LOAD ./zone_detector.o
LOAD ./gcc/startup_msp432p401r_gcc.o
                0x00000000                PROVIDE (_intvecs_base_address = DEFINED (_intvecs_base_address)?_intvecs_base_address:0x0)

.intvecs        0x00000000       0xe4
 *(.intvecs)
 .intvecs       0x00000000       0xe4 ./gcc/startup_msp432p401r_gcc.o
                0x00000000                interruptVectors
                0x00200000                PROVIDE (_mailbox_base_address = 0x200000)

.flashMailbox
 *(.flashMailbox)
                0x00201000                PROVIDE (_tlv_base_address = 0x201000)

.tlvTable
 *(.tlvTable)
                0x00202000                PROVIDE (_bsl_base_address = 0x202000)

.bslArea
 *(.bslArea)
                0x20000000                PROVIDE (_vtable_base_address = DEFINED (_vtable_base_address)?_vtable_base_address:0x20000000)

.vtable
 *(.vtable)

.text           0x000000f0     0x806c
 CREATE_OBJECT_SYMBOLS
 *(.text)
 .text          0x000000f0        0x0 c:/ti/gcc_arm_none_eabi_9_2_1/bin/../lib/gcc/arm-none-eabi/9.2.1/thumb/v7e-m+fp/hard/crti.o
 .text          0x000000f0       0x40 c:/ti/gcc_arm_none_eabi_9_2_1/bin/../lib/gcc/arm-none-eabi/9.2.1/thumb/v7e-m+fp/hard/crtbegin.o
 .text          0x00000130       0x74 c:/ti/gcc_arm_none_eabi_9_2_1/bin/../lib/gcc/arm-none-eabi/9.2.1/../../../../arm-none-eabi/lib/thumb/v7e-m+fp/hard/crt0.o
                0x00000130                _start
                0x00000130                _mainCRTStartup
 .text          0x000001a4        0x0 ./avoid.o
 .text          0x000001a4        0x0 ./bump.o
 .text          0x000001a4        0x0 ./calibration.o
 .text          0x000001a4        0x0 ./collision.o
 .text          0x000001a4        0x0 ./control.o
 .text          0x000001a4        0x0 ./demo.o
 .text          0x000001a4        0x0 ./emergency.o
 .text          0x000001a4        0x0 ./ir.o
 .text          0x000001a4        0x0 ./line.o
 .text          0x000001a4        0x0 ./line_follow.o
 .text          0x000001a4        0x0 ./line_follow_mode.o
 .text          0x000001a4        0x0 ./main.o
 .text          0x000001a4        0x0 ./mission.o
 .text          0x000001a4        0x0 ./mode_manager.o
 .text          0x000001a4        0x0 ./motor.o
 .text          0x000001a4        0x0 ./mpu6500.o
 .text          0x000001a4        0x0 ./obstacle_mode.o
 .text          0x000001a4        0x0 ./reaction.o
 .text          0x000001a4        0x0 ./sensors.o
 .text          0x000001a4        0x0 ./system_msp432p401r.o
 .text          0x000001a4        0x0 ./system_test.o
 .text          0x000001a4        0x0 ./ultrasonic.o
 .text          0x000001a4        0x0 ./verify.o
 .text          0x000001a4        0x0 ./zone_detector.o
 .text          0x000001a4        0x0 ./gcc/startup_msp432p401r_gcc.o
 .text          0x000001a4        0x0 C:/ti/simplelink_msp432p4_sdk_3_40_01_02/source\ti/devices/msp432p4xx/driverlib/gcc/msp432p4xx_driverlib.a(adc14.o)
 .text          0x000001a4        0x0 C:/ti/simplelink_msp432p4_sdk_3_40_01_02/source\ti/devices/msp432p4xx/driverlib/gcc/msp432p4xx_driverlib.a(cs.o)
 .text          0x000001a4        0x0 C:/ti/simplelink_msp432p4_sdk_3_40_01_02/source\ti/devices/msp432p4xx/driverlib/gcc/msp432p4xx_driverlib.a(gpio.o)
 .text          0x000001a4        0x0 C:/ti/simplelink_msp432p4_sdk_3_40_01_02/source\ti/devices/msp432p4xx/driverlib/gcc/msp432p4xx_driverlib.a(i2c.o)
 .text          0x000001a4        0x0 C:/ti/simplelink_msp432p4_sdk_3_40_01_02/source\ti/devices/msp432p4xx/driverlib/gcc/msp432p4xx_driverlib.a(interrupt.o)
 .text          0x000001a4        0x0 C:/ti/simplelink_msp432p4_sdk_3_40_01_02/source\ti/devices/msp432p4xx/driverlib/gcc/msp432p4xx_driverlib.a(sysctl_a.o)
 .text          0x000001a4        0x0 C:/ti/simplelink_msp432p4_sdk_3_40_01_02/source\ti/devices/msp432p4xx/driverlib/gcc/msp432p4xx_driverlib.a(systick.o)
 .text          0x000001a4        0x0 C:/ti/simplelink_msp432p4_sdk_3_40_01_02/source\ti/devices/msp432p4xx/driverlib/gcc/msp432p4xx_driverlib.a(timer32.o)
 .text          0x000001a4        0x0 C:/ti/simplelink_msp432p4_sdk_3_40_01_02/source\ti/devices/msp432p4xx/driverlib/gcc/msp432p4xx_driverlib.a(timer_a.o)
 .text          0x000001a4        0x0 C:/ti/simplelink_msp432p4_sdk_3_40_01_02/source\ti/devices/msp432p4xx/driverlib/gcc/msp432p4xx_driverlib.a(uart.o)
 .text          0x000001a4        0x0 C:/ti/simplelink_msp432p4_sdk_3_40_01_02/source\ti/devices/msp432p4xx/driverlib/gcc/msp432p4xx_driverlib.a(wdt_a.o)
 .text          0x000001a4        0x0 C:/ti/simplelink_msp432p4_sdk_3_40_01_02/source\ti/devices/msp432p4xx/driverlib/gcc/msp432p4xx_driverlib.a(cpu.o)
 .text          0x000001a4        0x0 c:/ti/gcc_arm_none_eabi_9_2_1/bin/../lib/gcc/arm-none-eabi/9.2.1/../../../../arm-none-eabi/lib/thumb/v7e-m+fp/hard\libc_nano.a(lib_a-exit.o)
 .text          0x000001a4        0x0 c:/ti/gcc_arm_none_eabi_9_2_1/bin/../lib/gcc/arm-none-eabi/9.2.1/../../../../arm-none-eabi/lib/thumb/v7e-m+fp/hard\libc_nano.a(lib_a-impure.o)
 .text          0x000001a4        0x0 c:/ti/gcc_arm_none_eabi_9_2_1/bin/../lib/gcc/arm-none-eabi/9.2.1/../../../../arm-none-eabi/lib/thumb/v7e-m+fp/hard\libc_nano.a(lib_a-init.o)
 .text          0x000001a4        0x0 c:/ti/gcc_arm_none_eabi_9_2_1/bin/../lib/gcc/arm-none-eabi/9.2.1/../../../../arm-none-eabi/lib/thumb/v7e-m+fp/hard\libc_nano.a(lib_a-memset.o)
 .text          0x000001a4        0x0 c:/ti/gcc_arm_none_eabi_9_2_1/bin/../lib/gcc/arm-none-eabi/9.2.1/../../../../arm-none-eabi/lib/thumb/v7e-m+fp/hard\libc_nano.a(lib_a-snprintf.o)
 .text          0x000001a4        0x0 c:/ti/gcc_arm_none_eabi_9_2_1/bin/../lib/gcc/arm-none-eabi/9.2.1/../../../../arm-none-eabi/lib/thumb/v7e-m+fp/hard\libc_nano.a(lib_a-nano-svfprintf.o)
 .text          0x000001a4        0x0 c:/ti/gcc_arm_none_eabi_9_2_1/bin/../lib/gcc/arm-none-eabi/9.2.1/../../../../arm-none-eabi/lib/thumb/v7e-m+fp/hard\libc_nano.a(lib_a-nano-vfprintf_i.o)
 *fill*         0x000001a4        0xc 
 .text          0x000001b0       0xa0 c:/ti/gcc_arm_none_eabi_9_2_1/bin/../lib/gcc/arm-none-eabi/9.2.1/../../../../arm-none-eabi/lib/thumb/v7e-m+fp/hard\libc_nano.a(lib_a-memchr.o)
                0x000001b0                memchr
 .text          0x00000250        0x0 c:/ti/gcc_arm_none_eabi_9_2_1/bin/../lib/gcc/arm-none-eabi/9.2.1/../../../../arm-none-eabi/lib/thumb/v7e-m+fp/hard\libc_nano.a(lib_a-memcpy-stub.o)
 .text          0x00000250        0x0 c:/ti/gcc_arm_none_eabi_9_2_1/bin/../lib/gcc/arm-none-eabi/9.2.1/../../../../arm-none-eabi/lib/thumb/v7e-m+fp/hard\libc_nano.a(lib_a-memmove.o)
 .text          0x00000250        0x0 c:/ti/gcc_arm_none_eabi_9_2_1/bin/../lib/gcc/arm-none-eabi/9.2.1/../../../../arm-none-eabi/lib/thumb/v7e-m+fp/hard\libc_nano.a(lib_a-nano-freer.o)
 .text          0x00000250        0x0 c:/ti/gcc_arm_none_eabi_9_2_1/bin/../lib/gcc/arm-none-eabi/9.2.1/../../../../arm-none-eabi/lib/thumb/v7e-m+fp/hard\libc_nano.a(lib_a-nano-mallocr.o)
 .text          0x00000250        0x0 c:/ti/gcc_arm_none_eabi_9_2_1/bin/../lib/gcc/arm-none-eabi/9.2.1/../../../../arm-none-eabi/lib/thumb/v7e-m+fp/hard\libc_nano.a(lib_a-nano-reallocr.o)
 .text          0x00000250        0x0 c:/ti/gcc_arm_none_eabi_9_2_1/bin/../lib/gcc/arm-none-eabi/9.2.1/../../../../arm-none-eabi/lib/thumb/v7e-m+fp/hard\libc_nano.a(lib_a-sbrkr.o)
 .text          0x00000250        0x0 c:/ti/gcc_arm_none_eabi_9_2_1/bin/../lib/gcc/arm-none-eabi/9.2.1/../../../../arm-none-eabi/lib/thumb/v7e-m+fp/hard\libc_nano.a(lib_a-mlock.o)
 .text          0x00000250        0x0 c:/ti/gcc_arm_none_eabi_9_2_1/bin/../lib/gcc/arm-none-eabi/9.2.1/../../../../arm-none-eabi/lib/thumb/v7e-m+fp/hard\libc_nano.a(lib_a-nano-msizer.o)
 .text          0x00000250        0x0 c:/ti/gcc_arm_none_eabi_9_2_1/bin/../lib/gcc/arm-none-eabi/9.2.1/../../../../arm-none-eabi/lib/thumb/v7e-m+fp/hard\libc_nano.a(lib_a-reent.o)
 .text          0x00000250        0x0 c:/ti/gcc_arm_none_eabi_9_2_1/bin/../lib/gcc/arm-none-eabi/9.2.1/../../../../arm-none-eabi/lib/thumb/v7e-m+fp/hard\libc_nano.a(lib_a-lock.o)
 .text          0x00000250        0x0 c:/ti/gcc_arm_none_eabi_9_2_1/bin/../lib/gcc/arm-none-eabi/9.2.1/../../../../arm-none-eabi/lib/thumb/v7e-m+fp/hard\libnosys.a(sbrk.o)
 .text          0x00000250        0x0 c:/ti/gcc_arm_none_eabi_9_2_1/bin/../lib/gcc/arm-none-eabi/9.2.1/../../../../arm-none-eabi/lib/thumb/v7e-m+fp/hard\libnosys.a(_exit.o)
 .text          0x00000250        0x0 c:/ti/gcc_arm_none_eabi_9_2_1/bin/../lib/gcc/arm-none-eabi/9.2.1/thumb/v7e-m+fp/hard/crtend.o
 .text          0x00000250        0x0 c:/ti/gcc_arm_none_eabi_9_2_1/bin/../lib/gcc/arm-none-eabi/9.2.1/thumb/v7e-m+fp/hard/crtn.o
 *(.text.*)
 .text.Avoid_Init
                0x00000250      0x24c ./avoid.o
                0x00000250                Avoid_Init
 .text.Avoid_ShouldOverride
                0x0000049c       0x40 ./avoid.o
                0x0000049c                Avoid_ShouldOverride
 .text.Avoid_Update
                0x000004dc       0x3c ./avoid.o
                0x000004dc                Avoid_Update
 .text.Avoid_FloatCmToUint
                0x00000518       0x3c ./avoid.o
 .text.Avoid_IrRawToMm
                0x00000554       0x2c ./avoid.o
 .text.Avoid_CountLineBits
                0x00000580       0x36 ./avoid.o
 .text.Avoid_WrapAngleDeg
                0x000005b6       0x38 ./avoid.o
 *fill*         0x000005ee        0x2 
 .text.Avoid_StateToBypassPhase
                0x000005f0       0x60 ./avoid.o
 .text.Avoid_StateToLegacyState
                0x00000650       0x58 ./avoid.o
 .text.Avoid_UpdateInputSnapshot
                0x000006a8      0x1b0 ./avoid.o
 .text.Avoid_MapOutputToDebug
                0x00000858      0x2f0 ./avoid.o
 .text.Avoid_ApplyMotorCommand
                0x00000b48       0x7c ./avoid.o
 .text.Bump_Init
                0x00000bc4       0x10 ./bump.o
                0x00000bc4                Bump_Init
 .text.Bump_Read
                0x00000bd4      0x138 ./bump.o
                0x00000bd4                Bump_Read
 .text.Calibration_Init
                0x00000d0c       0x36 ./calibration.o
                0x00000d0c                Calibration_Init
 .text.Calibration_SetLeds
                0x00000d42       0x62 ./calibration.o
 .text.Collision_Init
                0x00000da4        0xe ./collision.o
                0x00000da4                Collision_Init
 .text.Collision_FromBumpMask
                0x00000db2       0x7a ./collision.o
                0x00000db2                Collision_FromBumpMask
 .text.Control_Init
                0x00000e2c       0x1c ./control.o
                0x00000e2c                Control_Init
 .text.Control_Update
                0x00000e48       0x1c ./control.o
                0x00000e48                Control_Update
 .text.Emergency_Init
                0x00000e64       0x28 ./emergency.o
                0x00000e64                Emergency_Init
 .text.IR_Init  0x00000e8c       0x48 ./ir.o
                0x00000e8c                IR_Init
 .text.IR_ReadRaw
                0x00000ed4       0x3e ./ir.o
                0x00000ed4                IR_ReadRaw
 .text.Line_Init
                0x00000f12       0x30 ./line.o
                0x00000f12                Line_Init
 .text.Line_Read
                0x00000f42      0x13a ./line.o
                0x00000f42                Line_Read
 .text.Line_DelayUs
                0x0000107c       0x8c ./line.o
 .text.LineFollow_Init
                0x00001108      0x19c ./line_follow.o
                0x00001108                LineFollow_Init
 .text.LineFollow_Update
                0x000012a4      0x330 ./line_follow.o
                0x000012a4                LineFollow_Update
 .text.LineFollow_CountBits
                0x000015d4       0x38 ./line_follow.o
 .text.LineFollow_ReadMaskResolved
                0x0000160c       0x5c ./line_follow.o
 .text.LineFollow_LongestRun
                0x00001668       0x5e ./line_follow.o
 .text.LineFollow_ComputeError
                0x000016c6       0x26 ./line_follow.o
 .text.LineFollow_IsMaskContiguous
                0x000016ec       0x3c ./line_follow.o
 .text.LineFollow_IsFullWidthPattern
                0x00001728       0x36 ./line_follow.o
 .text.LineFollow_IsWidePattern
                0x0000175e       0x4c ./line_follow.o
 .text.LineFollow_IsExtremeLeft
                0x000017aa       0x36 ./line_follow.o
 .text.LineFollow_IsExtremeRight
                0x000017e0       0x36 ./line_follow.o
 .text.LineFollow_ClampDuty
                0x00001816       0x2c ./line_follow.o
 .text.LineFollow_ClampSigned
                0x00001842       0x34 ./line_follow.o
 .text.LineFollow_ComputeSymmetryMetricCm
                0x00001876       0x58 ./line_follow.o
 *fill*         0x000018ce        0x2 
 .text.LineFollow_PrimeStartupAcquire
                0x000018d0       0xf8 ./line_follow.o
 .text.LineFollow_ResetPid
                0x000019c8       0xcc ./line_follow.o
 .text.LineFollow_CommandStop
                0x00001a94       0x2c ./line_follow.o
 .text.LineFollow_CommandForward
                0x00001ac0       0x44 ./line_follow.o
 .text.LineFollow_CommandLeft
                0x00001b04       0x44 ./line_follow.o
 .text.LineFollow_CommandRight
                0x00001b48       0x44 ./line_follow.o
 .text.LineFollow_CommandBackward
                0x00001b8c       0x44 ./line_follow.o
 .text.LineFollow_ApplyRecoveryCommand
                0x00001bd0       0x80 ./line_follow.o
 .text.LineFollow_ApplyStartupHold
                0x00001c50       0xc0 ./line_follow.o
 .text.LineFollow_ApplyPd
                0x00001d10      0x37c ./line_follow.o
 .text.LineFollow_StartRecoverSearch
                0x0000208c       0x68 ./line_follow.o
 .text.LineFollow_UpdateRecoverSearch
                0x000020f4       0x98 ./line_follow.o
 .text.LineFollow_UpdateFollowState
                0x0000218c      0x3e8 ./line_follow.o
 .text.LineFollowMode_ComputeLineError
                0x00002574       0x6e ./line_follow_mode.o
                0x00002574                LineFollowMode_ComputeLineError
 .text.LineFollowMode_RecoveryInit
                0x000025e2       0x2e ./line_follow_mode.o
                0x000025e2                LineFollowMode_RecoveryInit
 .text.LineFollowMode_RecoveryStart
                0x00002610       0x48 ./line_follow_mode.o
                0x00002610                LineFollowMode_RecoveryStart
 .text.LineFollowMode_RecoveryStep
                0x00002658      0x25c ./line_follow_mode.o
                0x00002658                LineFollowMode_RecoveryStep
 .text.LineFollowMode_IsReacquired
                0x000028b4       0x36 ./line_follow_mode.o
 *fill*         0x000028ea        0x2 
 .text.main     0x000028ec       0x60 ./main.o
                0x000028ec                main
 .text.Clock_Init
                0x0000294c       0x14 ./main.o
 .text.SysTick_Handler
                0x00002960       0x1c ./main.o
                0x00002960                SysTick_Handler
 .text.SysTick_Init
                0x0000297c       0x48 ./main.o
 .text.DelayMs  0x000029c4       0x34 ./main.o
 .text.DebugUart_Init
                0x000029f8       0x34 ./main.o
 .text.DebugUart_WriteString
                0x00002a2c       0x64 ./main.o
 .text.Debug_ControlStateName
                0x00002a90       0xa4 ./main.o
 .text.Debug_AvoidStateName
                0x00002b34       0x68 ./main.o
 .text.Debug_LineFollowModeName
                0x00002b9c       0x80 ./main.o
 .text.Debug_LineMotionName
                0x00002c1c       0x5c ./main.o
 .text.Debug_MissionTorquePhaseName
                0x00002c78       0x74 ./main.o
 .text.Debug_PrintStateTransitions
                0x00002cec      0x36c ./main.o
 .text.Debug_PrintLineTuningEvents
                0x00003058      0x1a8 ./main.o
 .text.Debug_PrintLineTuningStatus
                0x00003200      0x158 ./main.o
 .text.Mission_AbsI
                0x00003358       0x1c ./mission.o
 .text.Mission_WrapAngleDeg
                0x00003374       0x38 ./mission.o
 .text.Mission_CountLineBits
                0x000033ac       0x38 ./mission.o
 .text.Mission_ClampDuty
                0x000033e4       0x2c ./mission.o
 .text.Mission_UpdateImuInputs
                0x00003410       0x68 ./mission.o
 .text.Mission_SetTorquePhase
                0x00003478       0x2c ./mission.o
 .text.Mission_EnterMode
                0x000034a4      0x108 ./mission.o
 .text.Mission_UpdateLineFollow
                0x000035ac       0x24 ./mission.o
 .text.Mission_UpdateObstacleAvoid
                0x000035d0       0x38 ./mission.o
 .text.Mission_UpdateTorqueRamp
                0x00003608      0x43c ./mission.o
 .text.Mission_UpdateStop
                0x00003a44        0xc ./mission.o
 .text.Mission_Init
                0x00003a50      0x178 ./mission.o
                0x00003a50                Mission_Init
 .text.Mission_Update
                0x00003bc8      0x1f0 ./mission.o
                0x00003bc8                Mission_Update
 .text.Mission_GetMode
                0x00003db8       0x18 ./mission.o
                0x00003db8                Mission_GetMode
 .text.ModeManager_Init
                0x00003dd0       0x38 ./mode_manager.o
                0x00003dd0                ModeManager_Init
 .text.ModeManager_Tick
                0x00003e08       0x24 ./mode_manager.o
                0x00003e08                ModeManager_Tick
 .text.ModeManager_BootMode
                0x00003e2c       0x10 ./mode_manager.o
                0x00003e2c                ModeManager_BootMode
 .text.ModeManager_IsModeEnabled
                0x00003e3c       0x38 ./mode_manager.o
                0x00003e3c                ModeManager_IsModeEnabled
 .text.ModeManager_ApplyProfileRequest
                0x00003e74       0x38 ./mode_manager.o
                0x00003e74                ModeManager_ApplyProfileRequest
 .text.ModeManager_ModeTimeoutTicks
                0x00003eac       0x40 ./mode_manager.o
                0x00003eac                ModeManager_ModeTimeoutTicks
 .text.ModeManager_ModeProgress
                0x00003eec       0x38 ./mode_manager.o
 .text.ModeManager_FilterRequest
                0x00003f24      0x110 ./mode_manager.o
 .text.ModeManager_DecideMode
                0x00004034       0x78 ./mode_manager.o
                0x00004034                ModeManager_DecideMode
 .text.Motor_ClampDuty
                0x000040ac       0x26 ./motor.o
 .text.Motor_PwmPinsToTimer
                0x000040d2       0x1c ./motor.o
 .text.Motor_PwmPinsToGpioLow
                0x000040ee       0x28 ./motor.o
 .text.Motor_SetSleep
                0x00004116       0x48 ./motor.o
 .text.Motor_SetDirection
                0x0000415e       0x48 ./motor.o
 *fill*         0x000041a6        0x2 
 .text.Motor_SetDuty
                0x000041a8       0x58 ./motor.o
                0x000041a8                Motor_SetDuty
 .text.Motor_Init
                0x00004200       0xc8 ./motor.o
                0x00004200                Motor_Init
 .text.Motor_Forward
                0x000042c8       0x60 ./motor.o
                0x000042c8                Motor_Forward
 .text.Motor_Backward
                0x00004328       0x60 ./motor.o
                0x00004328                Motor_Backward
 .text.Motor_Left
                0x00004388       0x60 ./motor.o
                0x00004388                Motor_Left
 .text.Motor_Right
                0x000043e8       0x60 ./motor.o
                0x000043e8                Motor_Right
 .text.Motor_Stop
                0x00004448       0x40 ./motor.o
                0x00004448                Motor_Stop
 .text.Motor_EmergencyStop
                0x00004488       0x48 ./motor.o
                0x00004488                Motor_EmergencyStop
 .text.Mpu6500_Init
                0x000044d0      0x168 ./mpu6500.o
                0x000044d0                Mpu6500_Init
 .text.Mpu6500_Update
                0x00004638      0x3c0 ./mpu6500.o
                0x00004638                Mpu6500_Update
 .text.Mpu6500_ResetYawDelta
                0x000049f8       0x18 ./mpu6500.o
                0x000049f8                Mpu6500_ResetYawDelta
 .text.Mpu6500_ResetState
                0x00004a10      0x130 ./mpu6500.o
 .text.Mpu6500_DelayMs
                0x00004b40       0xac ./mpu6500.o
 .text.Mpu6500_Abs32
                0x00004bec       0x1c ./mpu6500.o
 .text.Mpu6500_CombineBytes
                0x00004c08       0x2a ./mpu6500.o
 .text.Mpu6500_WrapDeg
                0x00004c32       0x38 ./mpu6500.o
 .text.Mpu6500_GetAccel1gCounts
                0x00004c6a       0x12 ./mpu6500.o
 .text.Mpu6500_GetGyroCountsPerDps
                0x00004c7c       0x10 ./mpu6500.o
 .text.Mpu6500_ApproxAtan2Deg
                0x00004c8c       0xec ./mpu6500.o
 .text.Mpu6500_WriteReg
                0x00004d78       0x5c ./mpu6500.o
 .text.Mpu6500_ReadRegs
                0x00004dd4      0x144 ./mpu6500.o
 .text.Mpu6500_ReadSample
                0x00004f18       0xc2 ./mpu6500.o
 .text.ObstacleMode_Init
                0x00004fda       0x2e ./obstacle_mode.o
                0x00004fda                ObstacleMode_Init
 .text.ObstacleMode_Update
                0x00005008      0x744 ./obstacle_mode.o
                0x00005008                ObstacleMode_Update
 .text.Obstacle_ClampU16
                0x0000574c       0x38 ./obstacle_mode.o
 .text.Obstacle_ClampS16
                0x00005784       0x46 ./obstacle_mode.o
 .text.Obstacle_WrapAngleDeg
                0x000057ca       0x44 ./obstacle_mode.o
 *fill*         0x0000580e        0x2 
 .text.Obstacle_MsToCycles
                0x00005810       0x44 ./obstacle_mode.o
 .text.Obstacle_ScoreDistance
                0x00005854       0x76 ./obstacle_mode.o
 *fill*         0x000058ca        0x2 
 .text.Obstacle_ComputeFrontHazard
                0x000058cc      0x10c ./obstacle_mode.o
 .text.Obstacle_SelectTurnDir
                0x000059d8       0x2a ./obstacle_mode.o
 .text.Obstacle_IsLineRecovered
                0x00005a02       0x3c ./obstacle_mode.o
 .text.Obstacle_SetMotion
                0x00005a3e       0x38 ./obstacle_mode.o
 *fill*         0x00005a76        0x2 
 .text.Obstacle_ApplyYawHold
                0x00005a78       0xc0 ./obstacle_mode.o
 .text.Reaction_Init
                0x00005b38       0x2c ./reaction.o
                0x00005b38                Reaction_Init
 .text.SystemInit
                0x00005b64       0x80 ./system_msp432p401r.o
                0x00005b64                SystemInit
 .text.Ultrasonic_Init
                0x00005be4       0x64 ./ultrasonic.o
                0x00005be4                Ultrasonic_Init
 .text.Ultrasonic_ReadLeftCm
                0x00005c48       0x30 ./ultrasonic.o
                0x00005c48                Ultrasonic_ReadLeftCm
 .text.Ultrasonic_ReadRightCm
                0x00005c78       0x30 ./ultrasonic.o
                0x00005c78                Ultrasonic_ReadRightCm
 .text.Ultrasonic_DelayUs
                0x00005ca8       0x68 ./ultrasonic.o
 .text.Ultrasonic_ReadOneCm
                0x00005d10      0x120 ./ultrasonic.o
 .text.Ultrasonic_TimerDelta
                0x00005e30       0x2c ./ultrasonic.o
 .text.ZoneDetector_Init
                0x00005e5c       0xfc ./zone_detector.o
                0x00005e5c                ZoneDetector_Init
 .text.Reset_Handler
                0x00005f58       0x44 ./gcc/startup_msp432p401r_gcc.o
                0x00005f58                Reset_Handler
 .text.Default_Handler
                0x00005f9c        0x6 ./gcc/startup_msp432p401r_gcc.o
                0x00005f9c                CS_IRQHandler
                0x00005f9c                DebugMon_Handler
                0x00005f9c                AES256_IRQHandler
                0x00005f9c                HardFault_Handler
                0x00005f9c                PendSV_Handler
                0x00005f9c                NMI_Handler
                0x00005f9c                RTC_C_IRQHandler
                0x00005f9c                PORT1_IRQHandler
                0x00005f9c                FPU_IRQHandler
                0x00005f9c                PORT2_IRQHandler
                0x00005f9c                TA3_0_IRQHandler
                0x00005f9c                UsageFault_Handler
                0x00005f9c                DMA_INT3_IRQHandler
                0x00005f9c                TA2_0_IRQHandler
                0x00005f9c                DMA_INT1_IRQHandler
                0x00005f9c                WDT_A_IRQHandler
                0x00005f9c                TA2_N_IRQHandler
                0x00005f9c                TA1_0_IRQHandler
                0x00005f9c                PSS_IRQHandler
                0x00005f9c                DMA_INT2_IRQHandler
                0x00005f9c                EUSCIA3_IRQHandler
                0x00005f9c                DMA_INT0_IRQHandler
                0x00005f9c                PORT4_IRQHandler
                0x00005f9c                PORT5_IRQHandler
                0x00005f9c                EUSCIB0_IRQHandler
                0x00005f9c                Default_Handler
                0x00005f9c                T32_INTC_IRQHandler
                0x00005f9c                TA3_N_IRQHandler
                0x00005f9c                TA0_0_IRQHandler
                0x00005f9c                EUSCIA2_IRQHandler
                0x00005f9c                PORT6_IRQHandler
                0x00005f9c                PORT3_IRQHandler
                0x00005f9c                MemManage_Handler
                0x00005f9c                SVC_Handler
                0x00005f9c                TA1_N_IRQHandler
                0x00005f9c                EUSCIA1_IRQHandler
                0x00005f9c                COMP_E1_IRQHandler
                0x00005f9c                EUSCIB2_IRQHandler
                0x00005f9c                FLCTL_IRQHandler
                0x00005f9c                EUSCIB3_IRQHandler
                0x00005f9c                T32_INT1_IRQHandler
                0x00005f9c                DMA_ERR_IRQHandler
                0x00005f9c                ADC14_IRQHandler
                0x00005f9c                EUSCIA0_IRQHandler
                0x00005f9c                BusFault_Handler
                0x00005f9c                PCM_IRQHandler
                0x00005f9c                TA0_N_IRQHandler
                0x00005f9c                COMP_E0_IRQHandler
                0x00005f9c                EUSCIB1_IRQHandler
                0x00005f9c                T32_INT2_IRQHandler
 .text._getIndexForMemRegister
                0x00005fa2      0x188 C:/ti/simplelink_msp432p4_sdk_3_40_01_02/source\ti/devices/msp432p4xx/driverlib/gcc/msp432p4xx_driverlib.a(adc14.o)
 *fill*         0x0000612a        0x2 
 .text.ADCIsConversionRunning
                0x0000612c       0x24 C:/ti/simplelink_msp432p4_sdk_3_40_01_02/source\ti/devices/msp432p4xx/driverlib/gcc/msp432p4xx_driverlib.a(adc14.o)
 .text.ADC14_enableModule
                0x00006150       0x18 C:/ti/simplelink_msp432p4_sdk_3_40_01_02/source\ti/devices/msp432p4xx/driverlib/gcc/msp432p4xx_driverlib.a(adc14.o)
                0x00006150                ADC14_enableModule
 .text.ADC14_enableSampleTimer
                0x00006168       0x44 C:/ti/simplelink_msp432p4_sdk_3_40_01_02/source\ti/devices/msp432p4xx/driverlib/gcc/msp432p4xx_driverlib.a(adc14.o)
                0x00006168                ADC14_enableSampleTimer
 .text.ADC14_initModule
                0x000061ac       0x58 C:/ti/simplelink_msp432p4_sdk_3_40_01_02/source\ti/devices/msp432p4xx/driverlib/gcc/msp432p4xx_driverlib.a(adc14.o)
                0x000061ac                ADC14_initModule
 .text.ADC14_setResolution
                0x00006204       0x28 C:/ti/simplelink_msp432p4_sdk_3_40_01_02/source\ti/devices/msp432p4xx/driverlib/gcc/msp432p4xx_driverlib.a(adc14.o)
                0x00006204                ADC14_setResolution
 .text.ADC14_configureSingleSampleMode
                0x0000622c       0x6c C:/ti/simplelink_msp432p4_sdk_3_40_01_02/source\ti/devices/msp432p4xx/driverlib/gcc/msp432p4xx_driverlib.a(adc14.o)
                0x0000622c                ADC14_configureSingleSampleMode
 .text.ADC14_enableConversion
                0x00006298       0x38 C:/ti/simplelink_msp432p4_sdk_3_40_01_02/source\ti/devices/msp432p4xx/driverlib/gcc/msp432p4xx_driverlib.a(adc14.o)
                0x00006298                ADC14_enableConversion
 .text.ADC14_toggleConversionTrigger
                0x000062d0       0x40 C:/ti/simplelink_msp432p4_sdk_3_40_01_02/source\ti/devices/msp432p4xx/driverlib/gcc/msp432p4xx_driverlib.a(adc14.o)
                0x000062d0                ADC14_toggleConversionTrigger
 .text.ADC14_isBusy
                0x00006310       0x24 C:/ti/simplelink_msp432p4_sdk_3_40_01_02/source\ti/devices/msp432p4xx/driverlib/gcc/msp432p4xx_driverlib.a(adc14.o)
                0x00006310                ADC14_isBusy
 .text.ADC14_configureConversionMemory
                0x00006334       0xbc C:/ti/simplelink_msp432p4_sdk_3_40_01_02/source\ti/devices/msp432p4xx/driverlib/gcc/msp432p4xx_driverlib.a(adc14.o)
                0x00006334                ADC14_configureConversionMemory
 .text.ADC14_getResult
                0x000063f0       0x34 C:/ti/simplelink_msp432p4_sdk_3_40_01_02/source\ti/devices/msp432p4xx/driverlib/gcc/msp432p4xx_driverlib.a(adc14.o)
                0x000063f0                ADC14_getResult
 .text._CSGetDividerValue
                0x00006424       0x78 C:/ti/simplelink_msp432p4_sdk_3_40_01_02/source\ti/devices/msp432p4xx/driverlib/gcc/msp432p4xx_driverlib.a(cs.o)
 .text._CSComputeCLKFrequency
                0x0000649c      0x130 C:/ti/simplelink_msp432p4_sdk_3_40_01_02/source\ti/devices/msp432p4xx/driverlib/gcc/msp432p4xx_driverlib.a(cs.o)
 .text._CSGetDOCFrequency
                0x000065cc       0x8c C:/ti/simplelink_msp432p4_sdk_3_40_01_02/source\ti/devices/msp432p4xx/driverlib/gcc/msp432p4xx_driverlib.a(cs.o)
 .text.CS_getDCOFrequency
                0x00006658      0x118 C:/ti/simplelink_msp432p4_sdk_3_40_01_02/source\ti/devices/msp432p4xx/driverlib/gcc/msp432p4xx_driverlib.a(cs.o)
                0x00006658                CS_getDCOFrequency
 .text.CS_getSMCLK
                0x00006770       0x34 C:/ti/simplelink_msp432p4_sdk_3_40_01_02/source\ti/devices/msp432p4xx/driverlib/gcc/msp432p4xx_driverlib.a(cs.o)
                0x00006770                CS_getSMCLK
 .text.CS_getMCLK
                0x000067a4       0x34 C:/ti/simplelink_msp432p4_sdk_3_40_01_02/source\ti/devices/msp432p4xx/driverlib/gcc/msp432p4xx_driverlib.a(cs.o)
                0x000067a4                CS_getMCLK
 .text.CS_clearInterruptFlag
                0x000067d8       0x38 C:/ti/simplelink_msp432p4_sdk_3_40_01_02/source\ti/devices/msp432p4xx/driverlib/gcc/msp432p4xx_driverlib.a(cs.o)
                0x000067d8                CS_clearInterruptFlag
 .text.GPIO_setAsOutputPin
                0x00006810       0x70 C:/ti/simplelink_msp432p4_sdk_3_40_01_02/source\ti/devices/msp432p4xx/driverlib/gcc/msp432p4xx_driverlib.a(gpio.o)
                0x00006810                GPIO_setAsOutputPin
 .text.GPIO_setAsInputPin
                0x00006880       0x8c C:/ti/simplelink_msp432p4_sdk_3_40_01_02/source\ti/devices/msp432p4xx/driverlib/gcc/msp432p4xx_driverlib.a(gpio.o)
                0x00006880                GPIO_setAsInputPin
 .text.GPIO_setAsPeripheralModuleFunctionOutputPin
                0x0000690c       0xe0 C:/ti/simplelink_msp432p4_sdk_3_40_01_02/source\ti/devices/msp432p4xx/driverlib/gcc/msp432p4xx_driverlib.a(gpio.o)
                0x0000690c                GPIO_setAsPeripheralModuleFunctionOutputPin
 .text.GPIO_setAsPeripheralModuleFunctionInputPin
                0x000069ec       0xe4 C:/ti/simplelink_msp432p4_sdk_3_40_01_02/source\ti/devices/msp432p4xx/driverlib/gcc/msp432p4xx_driverlib.a(gpio.o)
                0x000069ec                GPIO_setAsPeripheralModuleFunctionInputPin
 .text.GPIO_setOutputHighOnPin
                0x00006ad0       0x3c C:/ti/simplelink_msp432p4_sdk_3_40_01_02/source\ti/devices/msp432p4xx/driverlib/gcc/msp432p4xx_driverlib.a(gpio.o)
                0x00006ad0                GPIO_setOutputHighOnPin
 .text.GPIO_setOutputLowOnPin
                0x00006b0c       0x40 C:/ti/simplelink_msp432p4_sdk_3_40_01_02/source\ti/devices/msp432p4xx/driverlib/gcc/msp432p4xx_driverlib.a(gpio.o)
                0x00006b0c                GPIO_setOutputLowOnPin
 .text.GPIO_setAsInputPinWithPullUpResistor
                0x00006b4c       0xa0 C:/ti/simplelink_msp432p4_sdk_3_40_01_02/source\ti/devices/msp432p4xx/driverlib/gcc/msp432p4xx_driverlib.a(gpio.o)
                0x00006b4c                GPIO_setAsInputPinWithPullUpResistor
 .text.GPIO_getInputPinValue
                0x00006bec       0x40 C:/ti/simplelink_msp432p4_sdk_3_40_01_02/source\ti/devices/msp432p4xx/driverlib/gcc/msp432p4xx_driverlib.a(gpio.o)
                0x00006bec                GPIO_getInputPinValue
 .text.I2C_initMaster
                0x00006c2c       0x82 C:/ti/simplelink_msp432p4_sdk_3_40_01_02/source\ti/devices/msp432p4xx/driverlib/gcc/msp432p4xx_driverlib.a(i2c.o)
                0x00006c2c                I2C_initMaster
 .text.I2C_enableModule
                0x00006cae       0x20 C:/ti/simplelink_msp432p4_sdk_3_40_01_02/source\ti/devices/msp432p4xx/driverlib/gcc/msp432p4xx_driverlib.a(i2c.o)
                0x00006cae                I2C_enableModule
 .text.I2C_setSlaveAddress
                0x00006cce       0x1e C:/ti/simplelink_msp432p4_sdk_3_40_01_02/source\ti/devices/msp432p4xx/driverlib/gcc/msp432p4xx_driverlib.a(i2c.o)
                0x00006cce                I2C_setSlaveAddress
 .text.I2C_masterSendSingleByteWithTimeout
                0x00006cec       0xd6 C:/ti/simplelink_msp432p4_sdk_3_40_01_02/source\ti/devices/msp432p4xx/driverlib/gcc/msp432p4xx_driverlib.a(i2c.o)
                0x00006cec                I2C_masterSendSingleByteWithTimeout
 .text.I2C_masterSendMultiByteStartWithTimeout
                0x00006dc2       0xa0 C:/ti/simplelink_msp432p4_sdk_3_40_01_02/source\ti/devices/msp432p4xx/driverlib/gcc/msp432p4xx_driverlib.a(i2c.o)
                0x00006dc2                I2C_masterSendMultiByteStartWithTimeout
 .text.I2C_masterSendMultiByteFinishWithTimeout
                0x00006e62       0xb6 C:/ti/simplelink_msp432p4_sdk_3_40_01_02/source\ti/devices/msp432p4xx/driverlib/gcc/msp432p4xx_driverlib.a(i2c.o)
                0x00006e62                I2C_masterSendMultiByteFinishWithTimeout
 .text.I2C_masterReceiveStart
                0x00006f18       0x2e C:/ti/simplelink_msp432p4_sdk_3_40_01_02/source\ti/devices/msp432p4xx/driverlib/gcc/msp432p4xx_driverlib.a(i2c.o)
                0x00006f18                I2C_masterReceiveStart
 .text.I2C_masterReceiveMultiByteNext
                0x00006f46       0x1c C:/ti/simplelink_msp432p4_sdk_3_40_01_02/source\ti/devices/msp432p4xx/driverlib/gcc/msp432p4xx_driverlib.a(i2c.o)
                0x00006f46                I2C_masterReceiveMultiByteNext
 .text.I2C_masterReceiveMultiByteFinish
                0x00006f62       0x52 C:/ti/simplelink_msp432p4_sdk_3_40_01_02/source\ti/devices/msp432p4xx/driverlib/gcc/msp432p4xx_driverlib.a(i2c.o)
                0x00006f62                I2C_masterReceiveMultiByteFinish
 .text.I2C_masterReceiveMultiByteStop
                0x00006fb4       0x22 C:/ti/simplelink_msp432p4_sdk_3_40_01_02/source\ti/devices/msp432p4xx/driverlib/gcc/msp432p4xx_driverlib.a(i2c.o)
                0x00006fb4                I2C_masterReceiveMultiByteStop
 .text.I2C_getInterruptStatus
                0x00006fd6       0x24 C:/ti/simplelink_msp432p4_sdk_3_40_01_02/source\ti/devices/msp432p4xx/driverlib/gcc/msp432p4xx_driverlib.a(i2c.o)
                0x00006fd6                I2C_getInterruptStatus
 *fill*         0x00006ffa        0x2 
 .text.SysCtl_A_getTLVInfo
                0x00006ffc       0xa8 C:/ti/simplelink_msp432p4_sdk_3_40_01_02/source\ti/devices/msp432p4xx/driverlib/gcc/msp432p4xx_driverlib.a(sysctl_a.o)
                0x00006ffc                SysCtl_A_getTLVInfo
 .text.SysTick_enableModule
                0x000070a4       0x20 C:/ti/simplelink_msp432p4_sdk_3_40_01_02/source\ti/devices/msp432p4xx/driverlib/gcc/msp432p4xx_driverlib.a(systick.o)
                0x000070a4                SysTick_enableModule
 .text.SysTick_disableModule
                0x000070c4       0x20 C:/ti/simplelink_msp432p4_sdk_3_40_01_02/source\ti/devices/msp432p4xx/driverlib/gcc/msp432p4xx_driverlib.a(systick.o)
                0x000070c4                SysTick_disableModule
 .text.SysTick_enableInterrupt
                0x000070e4       0x20 C:/ti/simplelink_msp432p4_sdk_3_40_01_02/source\ti/devices/msp432p4xx/driverlib/gcc/msp432p4xx_driverlib.a(systick.o)
                0x000070e4                SysTick_enableInterrupt
 .text.SysTick_setPeriod
                0x00007104       0x20 C:/ti/simplelink_msp432p4_sdk_3_40_01_02/source\ti/devices/msp432p4xx/driverlib/gcc/msp432p4xx_driverlib.a(systick.o)
                0x00007104                SysTick_setPeriod
 .text.Timer32_initModule
                0x00007124       0x86 C:/ti/simplelink_msp432p4_sdk_3_40_01_02/source\ti/devices/msp432p4xx/driverlib/gcc/msp432p4xx_driverlib.a(timer32.o)
                0x00007124                Timer32_initModule
 .text.Timer32_setCount
                0x000071aa       0x42 C:/ti/simplelink_msp432p4_sdk_3_40_01_02/source\ti/devices/msp432p4xx/driverlib/gcc/msp432p4xx_driverlib.a(timer32.o)
                0x000071aa                Timer32_setCount
 .text.Timer32_getValue
                0x000071ec       0x18 C:/ti/simplelink_msp432p4_sdk_3_40_01_02/source\ti/devices/msp432p4xx/driverlib/gcc/msp432p4xx_driverlib.a(timer32.o)
                0x000071ec                Timer32_getValue
 .text.Timer32_startTimer
                0x00007204       0x48 C:/ti/simplelink_msp432p4_sdk_3_40_01_02/source\ti/devices/msp432p4xx/driverlib/gcc/msp432p4xx_driverlib.a(timer32.o)
                0x00007204                Timer32_startTimer
 .text.privateTimer_AProcessClockSourceDivider
                0x0000724c      0x210 C:/ti/simplelink_msp432p4_sdk_3_40_01_02/source\ti/devices/msp432p4xx/driverlib/gcc/msp432p4xx_driverlib.a(timer_a.o)
 .text.Timer_A_startCounter
                0x0000745c       0x28 C:/ti/simplelink_msp432p4_sdk_3_40_01_02/source\ti/devices/msp432p4xx/driverlib/gcc/msp432p4xx_driverlib.a(timer_a.o)
                0x0000745c                Timer_A_startCounter
 .text.Timer_A_configureUpMode
                0x00007484       0x90 C:/ti/simplelink_msp432p4_sdk_3_40_01_02/source\ti/devices/msp432p4xx/driverlib/gcc/msp432p4xx_driverlib.a(timer_a.o)
                0x00007484                Timer_A_configureUpMode
 .text.Timer_A_initCompare
                0x00007514       0x68 C:/ti/simplelink_msp432p4_sdk_3_40_01_02/source\ti/devices/msp432p4xx/driverlib/gcc/msp432p4xx_driverlib.a(timer_a.o)
                0x00007514                Timer_A_initCompare
 .text.Timer_A_clearTimer
                0x0000757c       0x22 C:/ti/simplelink_msp432p4_sdk_3_40_01_02/source\ti/devices/msp432p4xx/driverlib/gcc/msp432p4xx_driverlib.a(timer_a.o)
                0x0000757c                Timer_A_clearTimer
 .text.Timer_A_stopTimer
                0x0000759e       0x24 C:/ti/simplelink_msp432p4_sdk_3_40_01_02/source\ti/devices/msp432p4xx/driverlib/gcc/msp432p4xx_driverlib.a(timer_a.o)
                0x0000759e                Timer_A_stopTimer
 .text.Timer_A_setCompareValue
                0x000075c2       0x34 C:/ti/simplelink_msp432p4_sdk_3_40_01_02/source\ti/devices/msp432p4xx/driverlib/gcc/msp432p4xx_driverlib.a(timer_a.o)
                0x000075c2                Timer_A_setCompareValue
 .text.UART_initModule
                0x000075f6      0x160 C:/ti/simplelink_msp432p4_sdk_3_40_01_02/source\ti/devices/msp432p4xx/driverlib/gcc/msp432p4xx_driverlib.a(uart.o)
                0x000075f6                UART_initModule
 .text.UART_transmitData
                0x00007756       0x48 C:/ti/simplelink_msp432p4_sdk_3_40_01_02/source\ti/devices/msp432p4xx/driverlib/gcc/msp432p4xx_driverlib.a(uart.o)
                0x00007756                UART_transmitData
 .text.UART_enableModule
                0x0000779e       0x20 C:/ti/simplelink_msp432p4_sdk_3_40_01_02/source\ti/devices/msp432p4xx/driverlib/gcc/msp432p4xx_driverlib.a(uart.o)
                0x0000779e                UART_enableModule
 .text.UART_getInterruptStatus
                0x000077be       0x24 C:/ti/simplelink_msp432p4_sdk_3_40_01_02/source\ti/devices/msp432p4xx/driverlib/gcc/msp432p4xx_driverlib.a(uart.o)
                0x000077be                UART_getInterruptStatus
 *fill*         0x000077e2        0x2 
 .text.WDT_A_holdTimer
                0x000077e4       0x34 C:/ti/simplelink_msp432p4_sdk_3_40_01_02/source\ti/devices/msp432p4xx/driverlib/gcc/msp432p4xx_driverlib.a(wdt_a.o)
                0x000077e4                WDT_A_holdTimer
 .text.exit     0x00007818       0x28 c:/ti/gcc_arm_none_eabi_9_2_1/bin/../lib/gcc/arm-none-eabi/9.2.1/../../../../arm-none-eabi/lib/thumb/v7e-m+fp/hard\libc_nano.a(lib_a-exit.o)
                0x00007818                exit
 .text.__libc_init_array
                0x00007840       0x48 c:/ti/gcc_arm_none_eabi_9_2_1/bin/../lib/gcc/arm-none-eabi/9.2.1/../../../../arm-none-eabi/lib/thumb/v7e-m+fp/hard\libc_nano.a(lib_a-init.o)
                0x00007840                __libc_init_array
 .text.memset   0x00007888       0x10 c:/ti/gcc_arm_none_eabi_9_2_1/bin/../lib/gcc/arm-none-eabi/9.2.1/../../../../arm-none-eabi/lib/thumb/v7e-m+fp/hard\libc_nano.a(lib_a-memset.o)
                0x00007888                memset
 .text.snprintf
                0x00007898       0x68 c:/ti/gcc_arm_none_eabi_9_2_1/bin/../lib/gcc/arm-none-eabi/9.2.1/../../../../arm-none-eabi/lib/thumb/v7e-m+fp/hard\libc_nano.a(lib_a-snprintf.o)
                0x00007898                sniprintf
                0x00007898                snprintf
 .text.__ssputs_r
                0x00007900       0xb6 c:/ti/gcc_arm_none_eabi_9_2_1/bin/../lib/gcc/arm-none-eabi/9.2.1/../../../../arm-none-eabi/lib/thumb/v7e-m+fp/hard\libc_nano.a(lib_a-nano-svfprintf.o)
                0x00007900                __ssputs_r
 *fill*         0x000079b6        0x2 
 .text._svfprintf_r
                0x000079b8      0x200 c:/ti/gcc_arm_none_eabi_9_2_1/bin/../lib/gcc/arm-none-eabi/9.2.1/../../../../arm-none-eabi/lib/thumb/v7e-m+fp/hard\libc_nano.a(lib_a-nano-svfprintf.o)
                0x000079b8                _svfiprintf_r
                0x000079b8                _svfprintf_r
 .text._printf_common
                0x00007bb8       0xda c:/ti/gcc_arm_none_eabi_9_2_1/bin/../lib/gcc/arm-none-eabi/9.2.1/../../../../arm-none-eabi/lib/thumb/v7e-m+fp/hard\libc_nano.a(lib_a-nano-vfprintf_i.o)
                0x00007bb8                _printf_common
 *fill*         0x00007c92        0x2 
 .text._printf_i
                0x00007c94      0x24c c:/ti/gcc_arm_none_eabi_9_2_1/bin/../lib/gcc/arm-none-eabi/9.2.1/../../../../arm-none-eabi/lib/thumb/v7e-m+fp/hard\libc_nano.a(lib_a-nano-vfprintf_i.o)
                0x00007c94                _printf_i
 .text.memcpy   0x00007ee0       0x1c c:/ti/gcc_arm_none_eabi_9_2_1/bin/../lib/gcc/arm-none-eabi/9.2.1/../../../../arm-none-eabi/lib/thumb/v7e-m+fp/hard\libc_nano.a(lib_a-memcpy-stub.o)
                0x00007ee0                memcpy
 .text.memmove  0x00007efc       0x34 c:/ti/gcc_arm_none_eabi_9_2_1/bin/../lib/gcc/arm-none-eabi/9.2.1/../../../../arm-none-eabi/lib/thumb/v7e-m+fp/hard\libc_nano.a(lib_a-memmove.o)
                0x00007efc                memmove
 .text._free_r  0x00007f30       0xa0 c:/ti/gcc_arm_none_eabi_9_2_1/bin/../lib/gcc/arm-none-eabi/9.2.1/../../../../arm-none-eabi/lib/thumb/v7e-m+fp/hard\libc_nano.a(lib_a-nano-freer.o)
                0x00007f30                _free_r
 .text._malloc_r
                0x00007fd0       0xb4 c:/ti/gcc_arm_none_eabi_9_2_1/bin/../lib/gcc/arm-none-eabi/9.2.1/../../../../arm-none-eabi/lib/thumb/v7e-m+fp/hard\libc_nano.a(lib_a-nano-mallocr.o)
                0x00007fd0                _malloc_r
 .text._realloc_r
                0x00008084       0x4c c:/ti/gcc_arm_none_eabi_9_2_1/bin/../lib/gcc/arm-none-eabi/9.2.1/../../../../arm-none-eabi/lib/thumb/v7e-m+fp/hard\libc_nano.a(lib_a-nano-reallocr.o)
                0x00008084                _realloc_r
 .text._sbrk_r  0x000080d0       0x20 c:/ti/gcc_arm_none_eabi_9_2_1/bin/../lib/gcc/arm-none-eabi/9.2.1/../../../../arm-none-eabi/lib/thumb/v7e-m+fp/hard\libc_nano.a(lib_a-sbrkr.o)
                0x000080d0                _sbrk_r
 .text.__malloc_lock
                0x000080f0        0xc c:/ti/gcc_arm_none_eabi_9_2_1/bin/../lib/gcc/arm-none-eabi/9.2.1/../../../../arm-none-eabi/lib/thumb/v7e-m+fp/hard\libc_nano.a(lib_a-mlock.o)
                0x000080f0                __malloc_lock
 .text.__malloc_unlock
                0x000080fc        0xc c:/ti/gcc_arm_none_eabi_9_2_1/bin/../lib/gcc/arm-none-eabi/9.2.1/../../../../arm-none-eabi/lib/thumb/v7e-m+fp/hard\libc_nano.a(lib_a-mlock.o)
                0x000080fc                __malloc_unlock
 .text._malloc_usable_size_r
                0x00008108       0x10 c:/ti/gcc_arm_none_eabi_9_2_1/bin/../lib/gcc/arm-none-eabi/9.2.1/../../../../arm-none-eabi/lib/thumb/v7e-m+fp/hard\libc_nano.a(lib_a-nano-msizer.o)
                0x00008108                _malloc_usable_size_r
 .text.__retarget_lock_acquire_recursive
                0x00008118        0x2 c:/ti/gcc_arm_none_eabi_9_2_1/bin/../lib/gcc/arm-none-eabi/9.2.1/../../../../arm-none-eabi/lib/thumb/v7e-m+fp/hard\libc_nano.a(lib_a-lock.o)
                0x00008118                __retarget_lock_acquire_recursive
 .text.__retarget_lock_release_recursive
                0x0000811a        0x2 c:/ti/gcc_arm_none_eabi_9_2_1/bin/../lib/gcc/arm-none-eabi/9.2.1/../../../../arm-none-eabi/lib/thumb/v7e-m+fp/hard\libc_nano.a(lib_a-lock.o)
                0x0000811a                __retarget_lock_release_recursive
 .text._sbrk    0x0000811c       0x1c c:/ti/gcc_arm_none_eabi_9_2_1/bin/../lib/gcc/arm-none-eabi/9.2.1/../../../../arm-none-eabi/lib/thumb/v7e-m+fp/hard\libnosys.a(sbrk.o)
                0x0000811c                _sbrk
 .text._exit    0x00008138        0x4 c:/ti/gcc_arm_none_eabi_9_2_1/bin/../lib/gcc/arm-none-eabi/9.2.1/../../../../arm-none-eabi/lib/thumb/v7e-m+fp/hard\libnosys.a(_exit.o)
                0x00008138                _exit
                0x0000813c                . = ALIGN (0x4)
 *(.ctors)
                0x0000813c                . = ALIGN (0x4)
 *(.dtors)
                0x0000813c                . = ALIGN (0x4)
                0x0000813c                __init_array_start = .
 *(.init_array*)
 .init_array    0x0000813c        0x4 c:/ti/gcc_arm_none_eabi_9_2_1/bin/../lib/gcc/arm-none-eabi/9.2.1/thumb/v7e-m+fp/hard/crtbegin.o
                0x00008140                __init_array_end = .
 *(.init)
 .init          0x00008140        0x4 c:/ti/gcc_arm_none_eabi_9_2_1/bin/../lib/gcc/arm-none-eabi/9.2.1/thumb/v7e-m+fp/hard/crti.o
                0x00008140                _init
 .init          0x00008144        0x8 c:/ti/gcc_arm_none_eabi_9_2_1/bin/../lib/gcc/arm-none-eabi/9.2.1/thumb/v7e-m+fp/hard/crtn.o
 *(.fini*)
 .fini          0x0000814c        0x4 c:/ti/gcc_arm_none_eabi_9_2_1/bin/../lib/gcc/arm-none-eabi/9.2.1/thumb/v7e-m+fp/hard/crti.o
                0x0000814c                _fini
 .fini_array    0x00008150        0x4 c:/ti/gcc_arm_none_eabi_9_2_1/bin/../lib/gcc/arm-none-eabi/9.2.1/thumb/v7e-m+fp/hard/crtbegin.o
 .fini          0x00008154        0x8 c:/ti/gcc_arm_none_eabi_9_2_1/bin/../lib/gcc/arm-none-eabi/9.2.1/thumb/v7e-m+fp/hard/crtn.o

.glue_7         0x0000815c        0x0
 .glue_7        0x0000815c        0x0 linker stubs

.glue_7t        0x0000815c        0x0
 .glue_7t       0x0000815c        0x0 linker stubs

.vfp11_veneer   0x0000815c        0x0
 .vfp11_veneer  0x0000815c        0x0 linker stubs

.v4_bx          0x0000815c        0x0
 .v4_bx         0x0000815c        0x0 linker stubs

.iplt           0x0000815c        0x0
 .iplt          0x0000815c        0x0 c:/ti/gcc_arm_none_eabi_9_2_1/bin/../lib/gcc/arm-none-eabi/9.2.1/thumb/v7e-m+fp/hard/crtbegin.o

.rodata         0x0000815c      0x443
 *(.rodata)
 .rodata        0x0000815c      0x2f9 ./main.o
 *fill*         0x00008455        0x3 
 .rodata        0x00008458       0x38 ./motor.o
 *(.rodata.*)
 .rodata.gDebugUartConfig
                0x00008490       0x28 ./main.o
 .rodata._ctlRegs
                0x000084b8       0x80 C:/ti/simplelink_msp432p4_sdk_3_40_01_02/source\ti/devices/msp432p4xx/driverlib/gcc/msp432p4xx_driverlib.a(adc14.o)
 .rodata.GPIO_PORT_TO_BASE
                0x00008538       0x30 C:/ti/simplelink_msp432p4_sdk_3_40_01_02/source\ti/devices/msp432p4xx/driverlib/gcc/msp432p4xx_driverlib.a(gpio.o)
 .rodata._global_impure_ptr
                0x00008568        0x4 c:/ti/gcc_arm_none_eabi_9_2_1/bin/../lib/gcc/arm-none-eabi/9.2.1/../../../../arm-none-eabi/lib/thumb/v7e-m+fp/hard\libc_nano.a(lib_a-impure.o)
                0x00008568                _global_impure_ptr
 .rodata._svfprintf_r.str1.1
                0x0000856c       0x11 c:/ti/gcc_arm_none_eabi_9_2_1/bin/../lib/gcc/arm-none-eabi/9.2.1/../../../../arm-none-eabi/lib/thumb/v7e-m+fp/hard\libc_nano.a(lib_a-nano-svfprintf.o)
 .rodata._printf_i.str1.1
                0x0000857d       0x22 c:/ti/gcc_arm_none_eabi_9_2_1/bin/../lib/gcc/arm-none-eabi/9.2.1/../../../../arm-none-eabi/lib/thumb/v7e-m+fp/hard\libc_nano.a(lib_a-nano-vfprintf_i.o)

.eh_frame       0x000085a0        0x0
 .eh_frame      0x000085a0        0x0 c:/ti/gcc_arm_none_eabi_9_2_1/bin/../lib/gcc/arm-none-eabi/9.2.1/thumb/v7e-m+fp/hard/crtbegin.o

.ARM.exidx      0x000085a0        0x8
                0x000085a0                __exidx_start = .
 *(.ARM.exidx* .gnu.linkonce.armexidx.*)
 .ARM.exidx     0x000085a0        0x8 c:/ti/gcc_arm_none_eabi_9_2_1/bin/../lib/gcc/arm-none-eabi/9.2.1/../../../../arm-none-eabi/lib/thumb/v7e-m+fp/hard/crt0.o
                0x000085a8                __exidx_end = .

.ARM.extab      0x000085a8        0x0
 *(.ARM.extab* .gnu.linkonce.armextab.*)
 .ARM.extab     0x000085a8        0x0 c:/ti/gcc_arm_none_eabi_9_2_1/bin/../lib/gcc/arm-none-eabi/9.2.1/../../../../arm-none-eabi/lib/thumb/v7e-m+fp/hard/crt0.o
                0x000085a8                __etext = .

.rel.dyn        0x000085a8        0x0
 .rel.iplt      0x000085a8        0x0 c:/ti/gcc_arm_none_eabi_9_2_1/bin/../lib/gcc/arm-none-eabi/9.2.1/thumb/v7e-m+fp/hard/crtbegin.o

.data           0x20000000       0xbc load address 0x000085a8
                0x000085a8                __data_load__ = LOADADDR (.data)
                0x20000000                __data_start__ = .
 *(.data)
 .data          0x20000000        0x0 c:/ti/gcc_arm_none_eabi_9_2_1/bin/../lib/gcc/arm-none-eabi/9.2.1/thumb/v7e-m+fp/hard/crti.o
 .data          0x20000000        0x4 c:/ti/gcc_arm_none_eabi_9_2_1/bin/../lib/gcc/arm-none-eabi/9.2.1/thumb/v7e-m+fp/hard/crtbegin.o
                0x20000000                __dso_handle
 .data          0x20000004        0x0 c:/ti/gcc_arm_none_eabi_9_2_1/bin/../lib/gcc/arm-none-eabi/9.2.1/../../../../arm-none-eabi/lib/thumb/v7e-m+fp/hard/crt0.o
 .data          0x20000004        0x0 ./avoid.o
 .data          0x20000004        0x0 ./bump.o
 .data          0x20000004        0x0 ./calibration.o
 .data          0x20000004        0x0 ./collision.o
 .data          0x20000004        0x0 ./control.o
 .data          0x20000004        0x0 ./demo.o
 .data          0x20000004        0x0 ./emergency.o
 .data          0x20000004        0x0 ./ir.o
 .data          0x20000004        0x0 ./line.o
 .data          0x20000004        0x0 ./line_follow.o
 .data          0x20000004        0x0 ./line_follow_mode.o
 .data          0x20000004        0x0 ./main.o
 .data          0x20000004        0x0 ./mission.o
 .data          0x20000004        0x0 ./mode_manager.o
 .data          0x20000004        0x0 ./motor.o
 .data          0x20000004        0x0 ./mpu6500.o
 .data          0x20000004        0x0 ./obstacle_mode.o
 .data          0x20000004        0x0 ./reaction.o
 .data          0x20000004        0x0 ./sensors.o
 .data          0x20000004        0x0 ./system_msp432p401r.o
 .data          0x20000004        0x0 ./system_test.o
 .data          0x20000004        0x0 ./ultrasonic.o
 .data          0x20000004        0x0 ./verify.o
 .data          0x20000004        0x0 ./zone_detector.o
 .data          0x20000004        0x0 ./gcc/startup_msp432p401r_gcc.o
 .data          0x20000004        0x0 C:/ti/simplelink_msp432p4_sdk_3_40_01_02/source\ti/devices/msp432p4xx/driverlib/gcc/msp432p4xx_driverlib.a(adc14.o)
 .data          0x20000004        0x0 C:/ti/simplelink_msp432p4_sdk_3_40_01_02/source\ti/devices/msp432p4xx/driverlib/gcc/msp432p4xx_driverlib.a(cs.o)
 .data          0x20000004        0x0 C:/ti/simplelink_msp432p4_sdk_3_40_01_02/source\ti/devices/msp432p4xx/driverlib/gcc/msp432p4xx_driverlib.a(gpio.o)
 .data          0x20000004        0x0 C:/ti/simplelink_msp432p4_sdk_3_40_01_02/source\ti/devices/msp432p4xx/driverlib/gcc/msp432p4xx_driverlib.a(i2c.o)
 .data          0x20000004        0x0 C:/ti/simplelink_msp432p4_sdk_3_40_01_02/source\ti/devices/msp432p4xx/driverlib/gcc/msp432p4xx_driverlib.a(interrupt.o)
 .data          0x20000004        0x0 C:/ti/simplelink_msp432p4_sdk_3_40_01_02/source\ti/devices/msp432p4xx/driverlib/gcc/msp432p4xx_driverlib.a(sysctl_a.o)
 .data          0x20000004        0x0 C:/ti/simplelink_msp432p4_sdk_3_40_01_02/source\ti/devices/msp432p4xx/driverlib/gcc/msp432p4xx_driverlib.a(systick.o)
 .data          0x20000004        0x0 C:/ti/simplelink_msp432p4_sdk_3_40_01_02/source\ti/devices/msp432p4xx/driverlib/gcc/msp432p4xx_driverlib.a(timer32.o)
 .data          0x20000004        0x0 C:/ti/simplelink_msp432p4_sdk_3_40_01_02/source\ti/devices/msp432p4xx/driverlib/gcc/msp432p4xx_driverlib.a(timer_a.o)
 .data          0x20000004        0x0 C:/ti/simplelink_msp432p4_sdk_3_40_01_02/source\ti/devices/msp432p4xx/driverlib/gcc/msp432p4xx_driverlib.a(uart.o)
 .data          0x20000004        0x0 C:/ti/simplelink_msp432p4_sdk_3_40_01_02/source\ti/devices/msp432p4xx/driverlib/gcc/msp432p4xx_driverlib.a(wdt_a.o)
 .data          0x20000004        0x0 C:/ti/simplelink_msp432p4_sdk_3_40_01_02/source\ti/devices/msp432p4xx/driverlib/gcc/msp432p4xx_driverlib.a(cpu.o)
 .data          0x20000004        0x0 c:/ti/gcc_arm_none_eabi_9_2_1/bin/../lib/gcc/arm-none-eabi/9.2.1/../../../../arm-none-eabi/lib/thumb/v7e-m+fp/hard\libc_nano.a(lib_a-exit.o)
 .data          0x20000004        0x0 c:/ti/gcc_arm_none_eabi_9_2_1/bin/../lib/gcc/arm-none-eabi/9.2.1/../../../../arm-none-eabi/lib/thumb/v7e-m+fp/hard\libc_nano.a(lib_a-impure.o)
 .data          0x20000004        0x0 c:/ti/gcc_arm_none_eabi_9_2_1/bin/../lib/gcc/arm-none-eabi/9.2.1/../../../../arm-none-eabi/lib/thumb/v7e-m+fp/hard\libc_nano.a(lib_a-init.o)
 .data          0x20000004        0x0 c:/ti/gcc_arm_none_eabi_9_2_1/bin/../lib/gcc/arm-none-eabi/9.2.1/../../../../arm-none-eabi/lib/thumb/v7e-m+fp/hard\libc_nano.a(lib_a-memset.o)
 .data          0x20000004        0x0 c:/ti/gcc_arm_none_eabi_9_2_1/bin/../lib/gcc/arm-none-eabi/9.2.1/../../../../arm-none-eabi/lib/thumb/v7e-m+fp/hard\libc_nano.a(lib_a-snprintf.o)
 .data          0x20000004        0x0 c:/ti/gcc_arm_none_eabi_9_2_1/bin/../lib/gcc/arm-none-eabi/9.2.1/../../../../arm-none-eabi/lib/thumb/v7e-m+fp/hard\libc_nano.a(lib_a-nano-svfprintf.o)
 .data          0x20000004        0x0 c:/ti/gcc_arm_none_eabi_9_2_1/bin/../lib/gcc/arm-none-eabi/9.2.1/../../../../arm-none-eabi/lib/thumb/v7e-m+fp/hard\libc_nano.a(lib_a-nano-vfprintf_i.o)
 .data          0x20000004        0x0 c:/ti/gcc_arm_none_eabi_9_2_1/bin/../lib/gcc/arm-none-eabi/9.2.1/../../../../arm-none-eabi/lib/thumb/v7e-m+fp/hard\libc_nano.a(lib_a-memchr.o)
 .data          0x20000004        0x0 c:/ti/gcc_arm_none_eabi_9_2_1/bin/../lib/gcc/arm-none-eabi/9.2.1/../../../../arm-none-eabi/lib/thumb/v7e-m+fp/hard\libc_nano.a(lib_a-memcpy-stub.o)
 .data          0x20000004        0x0 c:/ti/gcc_arm_none_eabi_9_2_1/bin/../lib/gcc/arm-none-eabi/9.2.1/../../../../arm-none-eabi/lib/thumb/v7e-m+fp/hard\libc_nano.a(lib_a-memmove.o)
 .data          0x20000004        0x0 c:/ti/gcc_arm_none_eabi_9_2_1/bin/../lib/gcc/arm-none-eabi/9.2.1/../../../../arm-none-eabi/lib/thumb/v7e-m+fp/hard\libc_nano.a(lib_a-nano-freer.o)
 .data          0x20000004        0x0 c:/ti/gcc_arm_none_eabi_9_2_1/bin/../lib/gcc/arm-none-eabi/9.2.1/../../../../arm-none-eabi/lib/thumb/v7e-m+fp/hard\libc_nano.a(lib_a-nano-mallocr.o)
 .data          0x20000004        0x0 c:/ti/gcc_arm_none_eabi_9_2_1/bin/../lib/gcc/arm-none-eabi/9.2.1/../../../../arm-none-eabi/lib/thumb/v7e-m+fp/hard\libc_nano.a(lib_a-nano-reallocr.o)
 .data          0x20000004        0x0 c:/ti/gcc_arm_none_eabi_9_2_1/bin/../lib/gcc/arm-none-eabi/9.2.1/../../../../arm-none-eabi/lib/thumb/v7e-m+fp/hard\libc_nano.a(lib_a-sbrkr.o)
 .data          0x20000004        0x0 c:/ti/gcc_arm_none_eabi_9_2_1/bin/../lib/gcc/arm-none-eabi/9.2.1/../../../../arm-none-eabi/lib/thumb/v7e-m+fp/hard\libc_nano.a(lib_a-mlock.o)
 .data          0x20000004        0x0 c:/ti/gcc_arm_none_eabi_9_2_1/bin/../lib/gcc/arm-none-eabi/9.2.1/../../../../arm-none-eabi/lib/thumb/v7e-m+fp/hard\libc_nano.a(lib_a-nano-msizer.o)
 .data          0x20000004        0x0 c:/ti/gcc_arm_none_eabi_9_2_1/bin/../lib/gcc/arm-none-eabi/9.2.1/../../../../arm-none-eabi/lib/thumb/v7e-m+fp/hard\libc_nano.a(lib_a-reent.o)
 .data          0x20000004        0x0 c:/ti/gcc_arm_none_eabi_9_2_1/bin/../lib/gcc/arm-none-eabi/9.2.1/../../../../arm-none-eabi/lib/thumb/v7e-m+fp/hard\libc_nano.a(lib_a-lock.o)
 .data          0x20000004        0x0 c:/ti/gcc_arm_none_eabi_9_2_1/bin/../lib/gcc/arm-none-eabi/9.2.1/../../../../arm-none-eabi/lib/thumb/v7e-m+fp/hard\libnosys.a(sbrk.o)
 .data          0x20000004        0x0 c:/ti/gcc_arm_none_eabi_9_2_1/bin/../lib/gcc/arm-none-eabi/9.2.1/../../../../arm-none-eabi/lib/thumb/v7e-m+fp/hard\libnosys.a(_exit.o)
 .data          0x20000004        0x0 c:/ti/gcc_arm_none_eabi_9_2_1/bin/../lib/gcc/arm-none-eabi/9.2.1/thumb/v7e-m+fp/hard/crtend.o
 .data          0x20000004        0x0 c:/ti/gcc_arm_none_eabi_9_2_1/bin/../lib/gcc/arm-none-eabi/9.2.1/thumb/v7e-m+fp/hard/crtn.o
 *(.data*)
 .data.gAvoidUsLeftCm
                0x20000004        0x4 ./avoid.o
                0x20000004                gAvoidUsLeftCm
 .data.gAvoidUsRightCm
                0x20000008        0x4 ./avoid.o
                0x20000008                gAvoidUsRightCm
 .data.gDemoUltraLeftCm
                0x2000000c        0x4 ./demo.o
                0x2000000c                gDemoUltraLeftCm
 .data.gDemoUltraRightCm
                0x20000010        0x4 ./demo.o
                0x20000010                gDemoUltraRightCm
 .data.gLineFollowPidFirstSample
                0x20000014        0x4 ./line_follow.o
                0x20000014                gLineFollowPidFirstSample
 .data.gDbgUltraLeftBaselineCm
                0x20000018        0x4 ./main.o
 .data.gDbgUltraRightBaselineCm
                0x2000001c        0x4 ./main.o
 .data.gDbgVerifyBumpIndex
                0x20000020        0x1 ./main.o
 *fill*         0x20000021        0x3 
 .data.gDbgDemoUltraLeftCm
                0x20000024        0x4 ./main.o
 .data.gDbgDemoUltraRightCm
                0x20000028        0x4 ./main.o
 .data.gDbgPrevPidFirstSample
                0x2000002c        0x4 ./main.o
 .data.gMissionMode
                0x20000030        0x1 ./mission.o
                0x20000030                gMissionMode
 *fill*         0x20000031        0x3 
 .data.gTicksPerUs
                0x20000034        0x4 ./sensors.o
 .data.gUsNextDueMs
                0x20000038        0x8 ./sensors.o
 .data.gStaleLine
                0x20000040        0x1 ./sensors.o
 .data.gStaleUsLeft
                0x20000041        0x1 ./sensors.o
 .data.gStaleUsRight
                0x20000042        0x1 ./sensors.o
 .data.gStaleIr
                0x20000043        0x1 ./sensors.o
 .data.gStaleImu
                0x20000044        0x1 ./sensors.o
 .data.gStaleBump
                0x20000045        0x1 ./sensors.o
 *fill*         0x20000046        0x2 
 .data.SystemCoreClock
                0x20000048        0x4 ./system_msp432p401r.o
                0x20000048                SystemCoreClock
 .data.gSystemTestUltraLeftCm
                0x2000004c        0x4 ./system_test.o
                0x2000004c                gSystemTestUltraLeftCm
 .data.gSystemTestUltraRightCm
                0x20000050        0x4 ./system_test.o
                0x20000050                gSystemTestUltraRightCm
 .data.gVerifyBumpIndex
                0x20000054        0x1 ./verify.o
                0x20000054                gVerifyBumpIndex
 *fill*         0x20000055        0x3 
 .data._impure_ptr
                0x20000058        0x4 c:/ti/gcc_arm_none_eabi_9_2_1/bin/../lib/gcc/arm-none-eabi/9.2.1/../../../../arm-none-eabi/lib/thumb/v7e-m+fp/hard\libc_nano.a(lib_a-impure.o)
                0x20000058                _impure_ptr
 .data.impure_data
                0x2000005c       0x60 c:/ti/gcc_arm_none_eabi_9_2_1/bin/../lib/gcc/arm-none-eabi/9.2.1/../../../../arm-none-eabi/lib/thumb/v7e-m+fp/hard\libc_nano.a(lib_a-impure.o)
                0x200000bc                . = ALIGN (0x4)
                0x200000bc                __data_end__ = .

.igot.plt       0x200000bc        0x0 load address 0x00008664
 .igot.plt      0x200000bc        0x0 c:/ti/gcc_arm_none_eabi_9_2_1/bin/../lib/gcc/arm-none-eabi/9.2.1/thumb/v7e-m+fp/hard/crtbegin.o

.bss            0x200000bc      0x400
                0x200000bc                __bss_start__ = .
 *(.shbss)
 *(.bss)
 .bss           0x200000bc        0x0 c:/ti/gcc_arm_none_eabi_9_2_1/bin/../lib/gcc/arm-none-eabi/9.2.1/thumb/v7e-m+fp/hard/crti.o
 .bss           0x200000bc       0x1c c:/ti/gcc_arm_none_eabi_9_2_1/bin/../lib/gcc/arm-none-eabi/9.2.1/thumb/v7e-m+fp/hard/crtbegin.o
 .bss           0x200000d8        0x0 c:/ti/gcc_arm_none_eabi_9_2_1/bin/../lib/gcc/arm-none-eabi/9.2.1/../../../../arm-none-eabi/lib/thumb/v7e-m+fp/hard/crt0.o
 .bss           0x200000d8        0x0 ./avoid.o
 .bss           0x200000d8        0x0 ./bump.o
 .bss           0x200000d8        0x0 ./calibration.o
 .bss           0x200000d8        0x0 ./collision.o
 .bss           0x200000d8        0x0 ./control.o
 .bss           0x200000d8        0x0 ./demo.o
 .bss           0x200000d8        0x0 ./emergency.o
 .bss           0x200000d8        0x0 ./ir.o
 .bss           0x200000d8        0x0 ./line.o
 .bss           0x200000d8        0x0 ./line_follow.o
 .bss           0x200000d8        0x0 ./line_follow_mode.o
 .bss           0x200000d8        0x0 ./main.o
 .bss           0x200000d8        0x0 ./mission.o
 .bss           0x200000d8        0x0 ./mode_manager.o
 .bss           0x200000d8        0x0 ./motor.o
 .bss           0x200000d8        0x0 ./mpu6500.o
 .bss           0x200000d8        0x0 ./obstacle_mode.o
 .bss           0x200000d8        0x0 ./reaction.o
 .bss           0x200000d8        0x0 ./sensors.o
 .bss           0x200000d8        0x0 ./system_msp432p401r.o
 .bss           0x200000d8        0x0 ./system_test.o
 .bss           0x200000d8        0x0 ./ultrasonic.o
 .bss           0x200000d8        0x0 ./verify.o
 .bss           0x200000d8        0x0 ./zone_detector.o
 .bss           0x200000d8        0x0 ./gcc/startup_msp432p401r_gcc.o
 .bss           0x200000d8        0x0 C:/ti/simplelink_msp432p4_sdk_3_40_01_02/source\ti/devices/msp432p4xx/driverlib/gcc/msp432p4xx_driverlib.a(adc14.o)
 .bss           0x200000d8        0x0 C:/ti/simplelink_msp432p4_sdk_3_40_01_02/source\ti/devices/msp432p4xx/driverlib/gcc/msp432p4xx_driverlib.a(cs.o)
 .bss           0x200000d8        0x0 C:/ti/simplelink_msp432p4_sdk_3_40_01_02/source\ti/devices/msp432p4xx/driverlib/gcc/msp432p4xx_driverlib.a(gpio.o)
 .bss           0x200000d8        0x0 C:/ti/simplelink_msp432p4_sdk_3_40_01_02/source\ti/devices/msp432p4xx/driverlib/gcc/msp432p4xx_driverlib.a(i2c.o)
 .bss           0x200000d8        0x0 C:/ti/simplelink_msp432p4_sdk_3_40_01_02/source\ti/devices/msp432p4xx/driverlib/gcc/msp432p4xx_driverlib.a(interrupt.o)
 .bss           0x200000d8        0x0 C:/ti/simplelink_msp432p4_sdk_3_40_01_02/source\ti/devices/msp432p4xx/driverlib/gcc/msp432p4xx_driverlib.a(sysctl_a.o)
 .bss           0x200000d8        0x0 C:/ti/simplelink_msp432p4_sdk_3_40_01_02/source\ti/devices/msp432p4xx/driverlib/gcc/msp432p4xx_driverlib.a(systick.o)
 .bss           0x200000d8        0x0 C:/ti/simplelink_msp432p4_sdk_3_40_01_02/source\ti/devices/msp432p4xx/driverlib/gcc/msp432p4xx_driverlib.a(timer32.o)
 .bss           0x200000d8        0x0 C:/ti/simplelink_msp432p4_sdk_3_40_01_02/source\ti/devices/msp432p4xx/driverlib/gcc/msp432p4xx_driverlib.a(timer_a.o)
 .bss           0x200000d8        0x0 C:/ti/simplelink_msp432p4_sdk_3_40_01_02/source\ti/devices/msp432p4xx/driverlib/gcc/msp432p4xx_driverlib.a(uart.o)
 .bss           0x200000d8        0x0 C:/ti/simplelink_msp432p4_sdk_3_40_01_02/source\ti/devices/msp432p4xx/driverlib/gcc/msp432p4xx_driverlib.a(wdt_a.o)
 .bss           0x200000d8        0x0 C:/ti/simplelink_msp432p4_sdk_3_40_01_02/source\ti/devices/msp432p4xx/driverlib/gcc/msp432p4xx_driverlib.a(cpu.o)
 .bss           0x200000d8        0x0 c:/ti/gcc_arm_none_eabi_9_2_1/bin/../lib/gcc/arm-none-eabi/9.2.1/../../../../arm-none-eabi/lib/thumb/v7e-m+fp/hard\libc_nano.a(lib_a-exit.o)
 .bss           0x200000d8        0x0 c:/ti/gcc_arm_none_eabi_9_2_1/bin/../lib/gcc/arm-none-eabi/9.2.1/../../../../arm-none-eabi/lib/thumb/v7e-m+fp/hard\libc_nano.a(lib_a-impure.o)
 .bss           0x200000d8        0x0 c:/ti/gcc_arm_none_eabi_9_2_1/bin/../lib/gcc/arm-none-eabi/9.2.1/../../../../arm-none-eabi/lib/thumb/v7e-m+fp/hard\libc_nano.a(lib_a-init.o)
 .bss           0x200000d8        0x0 c:/ti/gcc_arm_none_eabi_9_2_1/bin/../lib/gcc/arm-none-eabi/9.2.1/../../../../arm-none-eabi/lib/thumb/v7e-m+fp/hard\libc_nano.a(lib_a-memset.o)
 .bss           0x200000d8        0x0 c:/ti/gcc_arm_none_eabi_9_2_1/bin/../lib/gcc/arm-none-eabi/9.2.1/../../../../arm-none-eabi/lib/thumb/v7e-m+fp/hard\libc_nano.a(lib_a-snprintf.o)
 .bss           0x200000d8        0x0 c:/ti/gcc_arm_none_eabi_9_2_1/bin/../lib/gcc/arm-none-eabi/9.2.1/../../../../arm-none-eabi/lib/thumb/v7e-m+fp/hard\libc_nano.a(lib_a-nano-svfprintf.o)
 .bss           0x200000d8        0x0 c:/ti/gcc_arm_none_eabi_9_2_1/bin/../lib/gcc/arm-none-eabi/9.2.1/../../../../arm-none-eabi/lib/thumb/v7e-m+fp/hard\libc_nano.a(lib_a-nano-vfprintf_i.o)
 .bss           0x200000d8        0x0 c:/ti/gcc_arm_none_eabi_9_2_1/bin/../lib/gcc/arm-none-eabi/9.2.1/../../../../arm-none-eabi/lib/thumb/v7e-m+fp/hard\libc_nano.a(lib_a-memchr.o)
 .bss           0x200000d8        0x0 c:/ti/gcc_arm_none_eabi_9_2_1/bin/../lib/gcc/arm-none-eabi/9.2.1/../../../../arm-none-eabi/lib/thumb/v7e-m+fp/hard\libc_nano.a(lib_a-memcpy-stub.o)
 .bss           0x200000d8        0x0 c:/ti/gcc_arm_none_eabi_9_2_1/bin/../lib/gcc/arm-none-eabi/9.2.1/../../../../arm-none-eabi/lib/thumb/v7e-m+fp/hard\libc_nano.a(lib_a-memmove.o)
 .bss           0x200000d8        0x0 c:/ti/gcc_arm_none_eabi_9_2_1/bin/../lib/gcc/arm-none-eabi/9.2.1/../../../../arm-none-eabi/lib/thumb/v7e-m+fp/hard\libc_nano.a(lib_a-nano-freer.o)
 .bss           0x200000d8        0x0 c:/ti/gcc_arm_none_eabi_9_2_1/bin/../lib/gcc/arm-none-eabi/9.2.1/../../../../arm-none-eabi/lib/thumb/v7e-m+fp/hard\libc_nano.a(lib_a-nano-mallocr.o)
 .bss           0x200000d8        0x0 c:/ti/gcc_arm_none_eabi_9_2_1/bin/../lib/gcc/arm-none-eabi/9.2.1/../../../../arm-none-eabi/lib/thumb/v7e-m+fp/hard\libc_nano.a(lib_a-nano-reallocr.o)
 .bss           0x200000d8        0x0 c:/ti/gcc_arm_none_eabi_9_2_1/bin/../lib/gcc/arm-none-eabi/9.2.1/../../../../arm-none-eabi/lib/thumb/v7e-m+fp/hard\libc_nano.a(lib_a-sbrkr.o)
 .bss           0x200000d8        0x0 c:/ti/gcc_arm_none_eabi_9_2_1/bin/../lib/gcc/arm-none-eabi/9.2.1/../../../../arm-none-eabi/lib/thumb/v7e-m+fp/hard\libc_nano.a(lib_a-mlock.o)
 .bss           0x200000d8        0x0 c:/ti/gcc_arm_none_eabi_9_2_1/bin/../lib/gcc/arm-none-eabi/9.2.1/../../../../arm-none-eabi/lib/thumb/v7e-m+fp/hard\libc_nano.a(lib_a-nano-msizer.o)
 .bss           0x200000d8        0x0 c:/ti/gcc_arm_none_eabi_9_2_1/bin/../lib/gcc/arm-none-eabi/9.2.1/../../../../arm-none-eabi/lib/thumb/v7e-m+fp/hard\libc_nano.a(lib_a-reent.o)
 .bss           0x200000d8        0x0 c:/ti/gcc_arm_none_eabi_9_2_1/bin/../lib/gcc/arm-none-eabi/9.2.1/../../../../arm-none-eabi/lib/thumb/v7e-m+fp/hard\libc_nano.a(lib_a-lock.o)
 .bss           0x200000d8        0x0 c:/ti/gcc_arm_none_eabi_9_2_1/bin/../lib/gcc/arm-none-eabi/9.2.1/../../../../arm-none-eabi/lib/thumb/v7e-m+fp/hard\libnosys.a(sbrk.o)
 .bss           0x200000d8        0x0 c:/ti/gcc_arm_none_eabi_9_2_1/bin/../lib/gcc/arm-none-eabi/9.2.1/../../../../arm-none-eabi/lib/thumb/v7e-m+fp/hard\libnosys.a(_exit.o)
 .bss           0x200000d8        0x0 c:/ti/gcc_arm_none_eabi_9_2_1/bin/../lib/gcc/arm-none-eabi/9.2.1/thumb/v7e-m+fp/hard/crtend.o
 .bss           0x200000d8        0x0 c:/ti/gcc_arm_none_eabi_9_2_1/bin/../lib/gcc/arm-none-eabi/9.2.1/thumb/v7e-m+fp/hard/crtn.o
 *(.bss.*)
 .bss.gAvoidState
                0x200000d8        0x1 ./avoid.o
                0x200000d8                gAvoidState
 *fill*         0x200000d9        0x3 
 .bss.gAvoidObsConf
                0x200000dc        0x4 ./avoid.o
                0x200000dc                gAvoidObsConf
 .bss.gAvoidObsConfirmCount
                0x200000e0        0x4 ./avoid.o
                0x200000e0                gAvoidObsConfirmCount
 .bss.gAvoidObstacleWarnCount
                0x200000e4        0x4 ./avoid.o
                0x200000e4                gAvoidObstacleWarnCount
 .bss.gAvoidObstacleClearCount
                0x200000e8        0x4 ./avoid.o
                0x200000e8                gAvoidObstacleClearCount
 .bss.gAvoidIrMm
                0x200000ec        0x4 ./avoid.o
                0x200000ec                gAvoidIrMm
 .bss.gAvoidSymmetryMetricCm
                0x200000f0        0x4 ./avoid.o
                0x200000f0                gAvoidSymmetryMetricCm
 .bss.gAvoidBumpMask6
                0x200000f4        0x4 ./avoid.o
                0x200000f4                gAvoidBumpMask6
 .bss.gAvoidBumpZone
                0x200000f8        0x4 ./avoid.o
                0x200000f8                gAvoidBumpZone
 .bss.gAvoidChosenBypassSide
                0x200000fc        0x4 ./avoid.o
                0x200000fc                gAvoidChosenBypassSide
 .bss.gAvoidBackoffRemainingMs
                0x20000100        0x4 ./avoid.o
                0x20000100                gAvoidBackoffRemainingMs
 .bss.gAvoidRepeatedBumpCount
                0x20000104        0x4 ./avoid.o
                0x20000104                gAvoidRepeatedBumpCount
 .bss.gAvoidReacquireEnabled
                0x20000108        0x4 ./avoid.o
                0x20000108                gAvoidReacquireEnabled
 .bss.gAvoidReacquireStableCount
                0x2000010c        0x4 ./avoid.o
                0x2000010c                gAvoidReacquireStableCount
 .bss.gAvoidBypassPhase
                0x20000110        0x4 ./avoid.o
                0x20000110                gAvoidBypassPhase
 .bss.gAvoidBypassTimerMs
                0x20000114        0x4 ./avoid.o
                0x20000114                gAvoidBypassTimerMs
 .bss.gAvoidMinUsCm
                0x20000118        0x4 ./avoid.o
                0x20000118                gAvoidMinUsCm
 .bss.gAvoidObstacleConfirmed
                0x2000011c        0x4 ./avoid.o
                0x2000011c                gAvoidObstacleConfirmed
 .bss.gAvoidObstacleSuppressedByRamp
                0x20000120        0x4 ./avoid.o
                0x20000120                gAvoidObstacleSuppressedByRamp
 .bss.gAvoidAiObstacleValid
                0x20000124        0x4 ./avoid.o
                0x20000124                gAvoidAiObstacleValid
 .bss.gAvoidAiBypassSide
                0x20000128        0x4 ./avoid.o
                0x20000128                gAvoidAiBypassSide
 .bss.gAvoidAiObstacleClass
                0x2000012c        0x4 ./avoid.o
                0x2000012c                gAvoidAiObstacleClass
 .bss.gAvoidAiConfidence
                0x20000130        0x4 ./avoid.o
                0x20000130                gAvoidAiConfidence
 .bss.gAvoidAiDataAgeTicks
                0x20000134        0x4 ./avoid.o
                0x20000134                gAvoidAiDataAgeTicks
 .bss.gAvoidAiFresh
                0x20000138        0x4 ./avoid.o
                0x20000138                gAvoidAiFresh
 .bss.gAvoidStep
                0x2000013c        0x4 ./avoid.o
                0x2000013c                gAvoidStep
 .bss.gAvoidStepTimerMs
                0x20000140        0x4 ./avoid.o
                0x20000140                gAvoidStepTimerMs
 .bss.gAvoidClearExtendCounter
                0x20000144        0x4 ./avoid.o
                0x20000144                gAvoidClearExtendCounter
 .bss.gAvoidSideErr
                0x20000148        0x4 ./avoid.o
                0x20000148                gAvoidSideErr
 .bss.gAvoidPrevSideErr
                0x2000014c        0x4 ./avoid.o
                0x2000014c                gAvoidPrevSideErr
 .bss.gAvoidCorrSide
                0x20000150        0x4 ./avoid.o
                0x20000150                gAvoidCorrSide
 .bss.gAvoidBaseDuty
                0x20000154        0x4 ./avoid.o
                0x20000154                gAvoidBaseDuty
 .bss.gAvoidBoundaryModeActive
                0x20000158        0x4 ./avoid.o
                0x20000158                gAvoidBoundaryModeActive
 .bss.gAvoidFrontBlocked
                0x2000015c        0x4 ./avoid.o
                0x2000015c                gAvoidFrontBlocked
 .bss.gAvoidAvoidTimerMs
                0x20000160        0x4 ./avoid.o
                0x20000160                gAvoidAvoidTimerMs
 .bss.gAvoidYawInputDeg
                0x20000164        0x4 ./avoid.o
                0x20000164                gAvoidYawInputDeg
 .bss.gAvoidYawInputFresh
                0x20000168        0x4 ./avoid.o
                0x20000168                gAvoidYawInputFresh
 .bss.gAvoidEntryYaw
                0x2000016c        0x4 ./avoid.o
                0x2000016c                gAvoidEntryYaw
 .bss.gAvoidYawNow
                0x20000170        0x4 ./avoid.o
                0x20000170                gAvoidYawNow
 .bss.gAvoidYawDelta
                0x20000174        0x4 ./avoid.o
                0x20000174                gAvoidYawDelta
 .bss.gAvoidLineAcceptRejectReason
                0x20000178        0x4 ./avoid.o
                0x20000178                gAvoidLineAcceptRejectReason
 .bss.gAvoidReacquireAcceptCount
                0x2000017c        0x4 ./avoid.o
                0x2000017c                gAvoidReacquireAcceptCount
 .bss.gAvoidReacquireSweepStage
                0x20000180        0x4 ./avoid.o
                0x20000180                gAvoidReacquireSweepStage
 .bss.gAvoidReacquireStepTimerMs
                0x20000184        0x4 ./avoid.o
                0x20000184                gAvoidReacquireStepTimerMs
 .bss.gAvoidLineCount
                0x20000188        0x4 ./avoid.o
                0x20000188                gAvoidLineCount
 .bss.gAvoidLineErr
                0x2000018c        0x4 ./avoid.o
                0x2000018c                gAvoidLineErr
 .bss.gAvoidFrontMinRangeCm
                0x20000190        0x4 ./avoid.o
                0x20000190                gAvoidFrontMinRangeCm
 .bss.gAvoidReacquireGatePassed
                0x20000194        0x4 ./avoid.o
                0x20000194                gAvoidReacquireGatePassed
 .bss.gAvoidHeadingSource
                0x20000198        0x4 ./avoid.o
                0x20000198                gAvoidHeadingSource
 .bss.gAvoidNearMissCount
                0x2000019c        0x4 ./avoid.o
                0x2000019c                gAvoidNearMissCount
 .bss.gAvoidBumpEventCount
                0x200001a0        0x4 ./avoid.o
                0x200001a0                gAvoidBumpEventCount
 .bss.gAvoidAttemptCount
                0x200001a4        0x4 ./avoid.o
                0x200001a4                gAvoidAttemptCount
 .bss.gAvoidSuccessCount
                0x200001a8        0x4 ./avoid.o
                0x200001a8                gAvoidSuccessCount
 .bss.gAvoidTimeoutCount
                0x200001ac        0x4 ./avoid.o
                0x200001ac                gAvoidTimeoutCount
 .bss.gObstacleCtx
                0x200001b0       0x1c ./avoid.o
 .bss.gObstacleInput
                0x200001cc        0xe ./avoid.o
 *fill*         0x200001da        0x2 
 .bss.gObstacleOutput
                0x200001dc       0x14 ./avoid.o
 .bss.gAvoidDecisionReady
                0x200001f0        0x4 ./avoid.o
 .bss.gCalibrationData
                0x200001f4       0x3c ./calibration.o
                0x200001f4                gCalibrationData
 .bss.gControlState
                0x20000230        0x1 ./control.o
                0x20000230                gControlState
 .bss.gEmergencyActive
                0x20000231        0x1 ./emergency.o
 .bss.gEmergencyBumpState
                0x20000232        0x1 ./emergency.o
 .bss.gLineFollowMode
                0x20000233        0x1 ./line_follow.o
                0x20000233                gLineFollowMode
 .bss.gLineFollowMask
                0x20000234        0x4 ./line_follow.o
                0x20000234                gLineFollowMask
 .bss.gLineFollowCount
                0x20000238        0x4 ./line_follow.o
                0x20000238                gLineFollowCount
 .bss.gLineFollowErr
                0x2000023c        0x4 ./line_follow.o
                0x2000023c                gLineFollowErr
 .bss.gLineFollowErrPrev
                0x20000240        0x4 ./line_follow.o
                0x20000240                gLineFollowErrPrev
 .bss.gLineFollowBaseDuty
                0x20000244        0x4 ./line_follow.o
                0x20000244                gLineFollowBaseDuty
 .bss.gLineFollowCorr
                0x20000248        0x4 ./line_follow.o
                0x20000248                gLineFollowCorr
 .bss.gLineFollowUsL
                0x2000024c        0x4 ./line_follow.o
                0x2000024c                gLineFollowUsL
 .bss.gLineFollowUsR
                0x20000250        0x4 ./line_follow.o
                0x20000250                gLineFollowUsR
 .bss.gLineFollowIrRaw
                0x20000254        0x4 ./line_follow.o
                0x20000254                gLineFollowIrRaw
 .bss.gLineFollowIrMm
                0x20000258        0x4 ./line_follow.o
                0x20000258                gLineFollowIrMm
 .bss.gLineFollowPitchDeg
                0x2000025c        0x4 ./line_follow.o
                0x2000025c                gLineFollowPitchDeg
 .bss.gLineFollowPitchInputDeg
                0x20000260        0x4 ./line_follow.o
                0x20000260                gLineFollowPitchInputDeg
 .bss.gLineFollowRampConf
                0x20000264        0x4 ./line_follow.o
                0x20000264                gLineFollowRampConf
 .bss.gLineFollowObsConf
                0x20000268        0x4 ./line_follow.o
                0x20000268                gLineFollowObsConf
 .bss.gLineFollowSymmetryMetric
                0x2000026c        0x4 ./line_follow.o
                0x2000026c                gLineFollowSymmetryMetric
 .bss.gLineFollowLastLineSide
                0x20000270        0x4 ./line_follow.o
                0x20000270                gLineFollowLastLineSide
 .bss.gLineFollowSweepPhase
                0x20000274        0x4 ./line_follow.o
                0x20000274                gLineFollowSweepPhase
 .bss.gLineFollowSatTimer
                0x20000278        0x4 ./line_follow.o
                0x20000278                gLineFollowSatTimer
 .bss.gLineFollowGapTimer
                0x2000027c        0x4 ./line_follow.o
                0x2000027c                gLineFollowGapTimer
 .bss.gLineFollowGapConf
                0x20000280        0x4 ./line_follow.o
                0x20000280                gLineFollowGapConf
 .bss.gLineFollowIntersectConf
                0x20000284        0x4 ./line_follow.o
                0x20000284                gLineFollowIntersectConf
 .bss.gLineFollowLockRemainingMs
                0x20000288        0x4 ./line_follow.o
                0x20000288                gLineFollowLockRemainingMs
 .bss.gLineFollowMaskContiguousScore
                0x2000028c        0x4 ./line_follow.o
                0x2000028c                gLineFollowMaskContiguousScore
 .bss.gLineFollowAvgReflect
                0x20000290        0x4 ./line_follow.o
                0x20000290                gLineFollowAvgReflect
 .bss.gLineFollowIsRampUp
                0x20000294        0x4 ./line_follow.o
                0x20000294                gLineFollowIsRampUp
 .bss.gLineFollowIsRampDown
                0x20000298        0x4 ./line_follow.o
                0x20000298                gLineFollowIsRampDown
 .bss.gLineFollowRampEnterCounter
                0x2000029c        0x4 ./line_follow.o
                0x2000029c                gLineFollowRampEnterCounter
 .bss.gLineFollowRampExitCounter
                0x200002a0        0x4 ./line_follow.o
                0x200002a0                gLineFollowRampExitCounter
 .bss.gLineFollowPidErr
                0x200002a4        0x4 ./line_follow.o
                0x200002a4                gLineFollowPidErr
 .bss.gLineFollowPidPrevErr
                0x200002a8        0x4 ./line_follow.o
                0x200002a8                gLineFollowPidPrevErr
 .bss.gLineFollowPidDErr
                0x200002ac        0x4 ./line_follow.o
                0x200002ac                gLineFollowPidDErr
 .bss.gLineFollowPidSumErr
                0x200002b0        0x4 ./line_follow.o
                0x200002b0                gLineFollowPidSumErr
 .bss.gLineFollowPidCorr
                0x200002b4        0x4 ./line_follow.o
                0x200002b4                gLineFollowPidCorr
 .bss.gLineFollowPidBaseDuty
                0x200002b8        0x4 ./line_follow.o
                0x200002b8                gLineFollowPidBaseDuty
 .bss.gLineFollowPidLeftDuty
                0x200002bc        0x4 ./line_follow.o
                0x200002bc                gLineFollowPidLeftDuty
 .bss.gLineFollowPidRightDuty
                0x200002c0        0x4 ./line_follow.o
                0x200002c0                gLineFollowPidRightDuty
 .bss.gLineFollowPidPterm
                0x200002c4        0x4 ./line_follow.o
                0x200002c4                gLineFollowPidPterm
 .bss.gLineFollowPidIterm
                0x200002c8        0x4 ./line_follow.o
                0x200002c8                gLineFollowPidIterm
 .bss.gLineFollowPidDterm
                0x200002cc        0x4 ./line_follow.o
                0x200002cc                gLineFollowPidDterm
 .bss.gLineFollowPidClamped
                0x200002d0        0x4 ./line_follow.o
                0x200002d0                gLineFollowPidClamped
 .bss.gLineFollowPidLineValid
                0x200002d4        0x4 ./line_follow.o
                0x200002d4                gLineFollowPidLineValid
 .bss.gLineFollowPidEnabled
                0x200002d8        0x4 ./line_follow.o
                0x200002d8                gLineFollowPidEnabled
 .bss.gLineFollowPidIntegralFrozen
                0x200002dc        0x4 ./line_follow.o
                0x200002dc                gLineFollowPidIntegralFrozen
 .bss.gLineFollowPidResetReason
                0x200002e0        0x4 ./line_follow.o
                0x200002e0                gLineFollowPidResetReason
 .bss.gLineFollowLineValidAtStartup
                0x200002e4        0x4 ./line_follow.o
                0x200002e4                gLineFollowLineValidAtStartup
 .bss.gLineFollowStartupAcquireCount
                0x200002e8        0x4 ./line_follow.o
                0x200002e8                gLineFollowStartupAcquireCount
 .bss.gLineFollowStartupLineLatched
                0x200002ec        0x4 ./line_follow.o
                0x200002ec                gLineFollowStartupLineLatched
 .bss.gLineFollowCurrentState
                0x200002f0        0x4 ./line_follow.o
                0x200002f0                gLineFollowCurrentState
 .bss.gLineFollowActive
                0x200002f4        0x4 ./line_follow.o
                0x200002f4                gLineFollowActive
 .bss.gLineFollowCmdMotion
                0x200002f8        0x4 ./line_follow.o
                0x200002f8                gLineFollowCmdMotion
 .bss.gLineFollowCmdLeftDuty
                0x200002fc        0x4 ./line_follow.o
                0x200002fc                gLineFollowCmdLeftDuty
 .bss.gLineFollowCmdRightDuty
                0x20000300        0x4 ./line_follow.o
                0x20000300                gLineFollowCmdRightDuty
 .bss.gLineFollowRecoverState
                0x20000304        0x4 ./line_follow.o
                0x20000304                gLineFollowRecoverState
 .bss.gLineFollowRecoverCycles
                0x20000308        0x4 ./line_follow.o
                0x20000308                gLineFollowRecoverCycles
 .bss.gLastLineMask
                0x2000030c        0x1 ./line_follow.o
 *fill*         0x2000030d        0x3 
 .bss.gCenterTicks
                0x20000310        0x4 ./line_follow.o
 .bss.gGentleTicks
                0x20000314        0x4 ./line_follow.o
 .bss.gSharpTicks
                0x20000318        0x4 ./line_follow.o
 .bss.gGapEligibleTicks
                0x2000031c        0x4 ./line_follow.o
 .bss.gGapTimerCycles
                0x20000320        0x4 ./line_follow.o
 .bss.gIntersectionLockCycles
                0x20000324        0x4 ./line_follow.o
 .bss.gWideCycles
                0x20000328        0x4 ./line_follow.o
 .bss.gLastAbsErr
                0x2000032c        0x4 ./line_follow.o
 .bss.gLineFollowPidSumState
                0x20000330        0x4 ./line_follow.o
 .bss.gLineFollowStartupSettleRemainingMs
                0x20000334        0x4 ./line_follow.o
 .bss.gLineFollowLostConfirmCount
                0x20000338        0x4 ./line_follow.o
 .bss.gLineFollowCornerAssistCycles
                0x2000033c        0x4 ./line_follow.o
 .bss.gLineRecoverCtx
                0x20000340        0x8 ./line_follow.o
 .bss.gMsTicks  0x20000348        0x4 ./main.o
 .bss.gDbgLatestLine
                0x2000034c        0x1 ./main.o
 .bss.gDbgControlState
                0x2000034d        0x1 ./main.o
 *fill*         0x2000034e        0x2 
 .bss.gDbgPrintLoopCount
                0x20000350        0x4 ./main.o
 .bss.gDbgPrevPrintControlState
                0x20000354        0x1 ./main.o
 .bss.gDbgPrevPrintAvoidState
                0x20000355        0x1 ./main.o
 *fill*         0x20000356        0x2 
 .bss.gDbgPrevLineMode
                0x20000358        0x4 ./main.o
 .bss.gDbgPrevStartupLatched
                0x2000035c        0x4 ./main.o
 .bss.gDbgPrevStartupValid
                0x20000360        0x4 ./main.o
 .bss.gDbgPrevLineValid
                0x20000364        0x4 ./main.o
 .bss.gDbgPrevPidClamped
                0x20000368        0x4 ./main.o
 .bss.gDbgPrevMissionWatchdog
                0x2000036c        0x4 ./main.o
 .bss.gDbgPrevMissionTimeout
                0x20000370        0x4 ./main.o
 .bss.gDbgPrevMissionZoneSwitches
                0x20000374        0x4 ./main.o
 .bss.gDbgPrevMissionTorquePhase
                0x20000378        0x4 ./main.o
 .bss.gDbgPrevMissionTorqueFault
                0x2000037c        0x4 ./main.o
 .bss.gDbgPrevAvoidNearMiss
                0x20000380        0x4 ./main.o
 .bss.gDbgPrevAvoidBumpEvents
                0x20000384        0x4 ./main.o
 .bss.gDbgPrevAvoidAttempts
                0x20000388        0x4 ./main.o
 .bss.gDbgPrevAvoidSuccess
                0x2000038c        0x4 ./main.o
 .bss.gDbgPrevAvoidTimeouts
                0x20000390        0x4 ./main.o
 .bss.gMissionModeTicks
                0x20000394        0x4 ./mission.o
                0x20000394                gMissionModeTicks
 .bss.gMissionWatchdogTripped
                0x20000398        0x4 ./mission.o
                0x20000398                gMissionWatchdogTripped
 .bss.gMissionTimeoutStop
                0x2000039c        0x4 ./mission.o
                0x2000039c                gMissionTimeoutStop
 .bss.gMissionZoneSwitches
                0x200003a0        0x4 ./mission.o
                0x200003a0                gMissionZoneSwitches
 .bss.gMissionTorqueDuty
                0x200003a4        0x4 ./mission.o
                0x200003a4                gMissionTorqueDuty
 .bss.gMissionTorquePhase
                0x200003a8        0x4 ./mission.o
                0x200003a8                gMissionTorquePhase
 .bss.gMissionTorqueRampDetected
                0x200003ac        0x4 ./mission.o
                0x200003ac                gMissionTorqueRampDetected
 .bss.gMissionTorquePitchDeg
                0x200003b0        0x4 ./mission.o
                0x200003b0                gMissionTorquePitchDeg
 .bss.gMissionTorqueYawDeg
                0x200003b4        0x4 ./mission.o
                0x200003b4                gMissionTorqueYawDeg
 .bss.gMissionTorqueYawTargetDeg
                0x200003b8        0x4 ./mission.o
                0x200003b8                gMissionTorqueYawTargetDeg
 .bss.gMissionTorqueYawErr
                0x200003bc        0x4 ./mission.o
                0x200003bc                gMissionTorqueYawErr
 .bss.gMissionTorqueYawCorr
                0x200003c0        0x4 ./mission.o
                0x200003c0                gMissionTorqueYawCorr
 .bss.gMissionTorqueLineCount
                0x200003c4        0x4 ./mission.o
                0x200003c4                gMissionTorqueLineCount
 .bss.gMissionTorqueFault
                0x200003c8        0x4 ./mission.o
                0x200003c8                gMissionTorqueFault
 .bss.gMissionTorqueLeftDuty
                0x200003cc        0x4 ./mission.o
                0x200003cc                gMissionTorqueLeftDuty
 .bss.gMissionTorqueRightDuty
                0x200003d0        0x4 ./mission.o
                0x200003d0                gMissionTorqueRightDuty
 .bss.gMissionInitDone
                0x200003d4        0x4 ./mission.o
 .bss.gMissionInitWatchdogTicks
                0x200003d8        0x4 ./mission.o
 .bss.gMissionProgressTicks
                0x200003dc        0x4 ./mission.o
 .bss.gMissionTorquePhaseTicks
                0x200003e0        0x4 ./mission.o
 .bss.gMissionTorquePitchEnterCount
                0x200003e4        0x4 ./mission.o
 .bss.gMissionTorquePitchExitCount
                0x200003e8        0x4 ./mission.o
 .bss.gMissionTorqueLineConfirmCount
                0x200003ec        0x4 ./mission.o
 .bss.gMissionTorqueExitTicks
                0x200003f0        0x4 ./mission.o
 .bss.gMissionTorqueYawTargetValid
                0x200003f4        0x4 ./mission.o
 .bss.gMissionTorqueRampSign
                0x200003f8        0x4 ./mission.o
 .bss.gMissionFallbackObsConfirmCount
                0x200003fc        0x4 ./mission.o
 .bss.gMissionFallbackTorqueConfirmCount
                0x20000400        0x4 ./mission.o
 .bss.gModeManagerSequenceProgress
                0x20000404        0x4 ./mode_manager.o
                0x20000404                gModeManagerSequenceProgress
 .bss.gModeManagerLockoutTicks
                0x20000408        0x4 ./mode_manager.o
                0x20000408                gModeManagerLockoutTicks
 .bss.gModeManagerAcceptedSwitches
                0x2000040c        0x4 ./mode_manager.o
                0x2000040c                gModeManagerAcceptedSwitches
 .bss.gModeManagerRejectedSwitches
                0x20000410        0x4 ./mode_manager.o
                0x20000410                gModeManagerRejectedSwitches
 .bss.gMotorInitDone
                0x20000414        0x1 ./motor.o
 .bss.gMpu6500Present
                0x20000415        0x1 ./mpu6500.o
                0x20000415                gMpu6500Present
 .bss.gMpu6500Calibrated
                0x20000416        0x1 ./mpu6500.o
                0x20000416                gMpu6500Calibrated
 .bss.gMpu6500Still
                0x20000417        0x1 ./mpu6500.o
                0x20000417                gMpu6500Still
 .bss.gMpu6500Motion
                0x20000418        0x1 ./mpu6500.o
                0x20000418                gMpu6500Motion
 .bss.gMpu6500Fault
                0x20000419        0x1 ./mpu6500.o
                0x20000419                gMpu6500Fault
 .bss.gMpu6500AxRaw
                0x2000041a        0x2 ./mpu6500.o
                0x2000041a                gMpu6500AxRaw
 .bss.gMpu6500AyRaw
                0x2000041c        0x2 ./mpu6500.o
                0x2000041c                gMpu6500AyRaw
 .bss.gMpu6500AzRaw
                0x2000041e        0x2 ./mpu6500.o
                0x2000041e                gMpu6500AzRaw
 .bss.gMpu6500GxRaw
                0x20000420        0x2 ./mpu6500.o
                0x20000420                gMpu6500GxRaw
 .bss.gMpu6500GyRaw
                0x20000422        0x2 ./mpu6500.o
                0x20000422                gMpu6500GyRaw
 .bss.gMpu6500GzRaw
                0x20000424        0x2 ./mpu6500.o
                0x20000424                gMpu6500GzRaw
 .bss.gMpu6500TempRaw
                0x20000426        0x2 ./mpu6500.o
                0x20000426                gMpu6500TempRaw
 .bss.gMpu6500AxCorr
                0x20000428        0x2 ./mpu6500.o
                0x20000428                gMpu6500AxCorr
 .bss.gMpu6500AyCorr
                0x2000042a        0x2 ./mpu6500.o
                0x2000042a                gMpu6500AyCorr
 .bss.gMpu6500AzCorr